Archive member included to satisfy reference by file (symbol)

/usr/bin/../lib/gcc/arm-none-eabi/10.2.1/../../../../arm-none-eabi/lib/thumb/v7e-m+fp/hard/libc_nano.a(lib_a-memcpy-stub.o)
                              /tmp/openinput-efm32gg12-generic-r193-73649e7-dirty.elf.7JnSLG.ltrans0.ltrans.o (memcpy)
/usr/bin/../lib/gcc/arm-none-eabi/10.2.1/../../../../arm-none-eabi/lib/thumb/v7e-m+fp/hard/libc_nano.a(lib_a-memset.o)
                              /tmp/openinput-efm32gg12-generic-r193-73649e7-dirty.elf.7JnSLG.ltrans0.ltrans.o (memset)
/usr/bin/../lib/gcc/arm-none-eabi/10.2.1/../../../../arm-none-eabi/lib/thumb/v7e-m+fp/hard/libc_nano.a(lib_a-snprintf.o)
                              /tmp/openinput-efm32gg12-generic-r193-73649e7-dirty.elf.7JnSLG.ltrans0.ltrans.o (snprintf)
/usr/bin/../lib/gcc/arm-none-eabi/10.2.1/../../../../arm-none-eabi/lib/thumb/v7e-m+fp/hard/libc_nano.a(lib_a-strcpy.o)
                              /tmp/openinput-efm32gg12-generic-r193-73649e7-dirty.elf.7JnSLG.ltrans0.ltrans.o (strcpy)
/usr/bin/../lib/gcc/arm-none-eabi/10.2.1/../../../../arm-none-eabi/lib/thumb/v7e-m+fp/hard/libc_nano.a(lib_a-strlen.o)
                              /tmp/openinput-efm32gg12-generic-r193-73649e7-dirty.elf.7JnSLG.ltrans0.ltrans.o (strlen)
/usr/bin/../lib/gcc/arm-none-eabi/10.2.1/../../../../arm-none-eabi/lib/thumb/v7e-m+fp/hard/libc_nano.a(lib_a-impure.o)
                              /usr/bin/../lib/gcc/arm-none-eabi/10.2.1/../../../../arm-none-eabi/lib/thumb/v7e-m+fp/hard/libc_nano.a(lib_a-snprintf.o) (_impure_ptr)
/usr/bin/../lib/gcc/arm-none-eabi/10.2.1/../../../../arm-none-eabi/lib/thumb/v7e-m+fp/hard/libc_nano.a(lib_a-nano-svfprintf.o)
                              /usr/bin/../lib/gcc/arm-none-eabi/10.2.1/../../../../arm-none-eabi/lib/thumb/v7e-m+fp/hard/libc_nano.a(lib_a-snprintf.o) (_svfprintf_r)
/usr/bin/../lib/gcc/arm-none-eabi/10.2.1/../../../../arm-none-eabi/lib/thumb/v7e-m+fp/hard/libc_nano.a(lib_a-nano-vfprintf_i.o)
                              /usr/bin/../lib/gcc/arm-none-eabi/10.2.1/../../../../arm-none-eabi/lib/thumb/v7e-m+fp/hard/libc_nano.a(lib_a-nano-svfprintf.o) (_printf_i)
/usr/bin/../lib/gcc/arm-none-eabi/10.2.1/../../../../arm-none-eabi/lib/thumb/v7e-m+fp/hard/libc_nano.a(lib_a-memchr.o)
                              /usr/bin/../lib/gcc/arm-none-eabi/10.2.1/../../../../arm-none-eabi/lib/thumb/v7e-m+fp/hard/libc_nano.a(lib_a-nano-svfprintf.o) (memchr)
/usr/bin/../lib/gcc/arm-none-eabi/10.2.1/../../../../arm-none-eabi/lib/thumb/v7e-m+fp/hard/libc_nano.a(lib_a-memmove.o)
                              /usr/bin/../lib/gcc/arm-none-eabi/10.2.1/../../../../arm-none-eabi/lib/thumb/v7e-m+fp/hard/libc_nano.a(lib_a-nano-svfprintf.o) (memmove)
/usr/bin/../lib/gcc/arm-none-eabi/10.2.1/../../../../arm-none-eabi/lib/thumb/v7e-m+fp/hard/libc_nano.a(lib_a-nano-freer.o)
                              /usr/bin/../lib/gcc/arm-none-eabi/10.2.1/../../../../arm-none-eabi/lib/thumb/v7e-m+fp/hard/libc_nano.a(lib_a-nano-svfprintf.o) (_free_r)
/usr/bin/../lib/gcc/arm-none-eabi/10.2.1/../../../../arm-none-eabi/lib/thumb/v7e-m+fp/hard/libc_nano.a(lib_a-nano-mallocr.o)
                              /usr/bin/../lib/gcc/arm-none-eabi/10.2.1/../../../../arm-none-eabi/lib/thumb/v7e-m+fp/hard/libc_nano.a(lib_a-nano-svfprintf.o) (_malloc_r)
/usr/bin/../lib/gcc/arm-none-eabi/10.2.1/../../../../arm-none-eabi/lib/thumb/v7e-m+fp/hard/libc_nano.a(lib_a-nano-reallocr.o)
                              /usr/bin/../lib/gcc/arm-none-eabi/10.2.1/../../../../arm-none-eabi/lib/thumb/v7e-m+fp/hard/libc_nano.a(lib_a-nano-svfprintf.o) (_realloc_r)
/usr/bin/../lib/gcc/arm-none-eabi/10.2.1/../../../../arm-none-eabi/lib/thumb/v7e-m+fp/hard/libc_nano.a(lib_a-sbrkr.o)
                              /usr/bin/../lib/gcc/arm-none-eabi/10.2.1/../../../../arm-none-eabi/lib/thumb/v7e-m+fp/hard/libc_nano.a(lib_a-nano-mallocr.o) (_sbrk_r)
/usr/bin/../lib/gcc/arm-none-eabi/10.2.1/../../../../arm-none-eabi/lib/thumb/v7e-m+fp/hard/libc_nano.a(lib_a-mlock.o)
                              /usr/bin/../lib/gcc/arm-none-eabi/10.2.1/../../../../arm-none-eabi/lib/thumb/v7e-m+fp/hard/libc_nano.a(lib_a-nano-freer.o) (__malloc_lock)
/usr/bin/../lib/gcc/arm-none-eabi/10.2.1/../../../../arm-none-eabi/lib/thumb/v7e-m+fp/hard/libc_nano.a(lib_a-nano-msizer.o)
                              /usr/bin/../lib/gcc/arm-none-eabi/10.2.1/../../../../arm-none-eabi/lib/thumb/v7e-m+fp/hard/libc_nano.a(lib_a-nano-reallocr.o) (_malloc_usable_size_r)
/usr/bin/../lib/gcc/arm-none-eabi/10.2.1/../../../../arm-none-eabi/lib/thumb/v7e-m+fp/hard/libc_nano.a(lib_a-reent.o)
                              /usr/bin/../lib/gcc/arm-none-eabi/10.2.1/../../../../arm-none-eabi/lib/thumb/v7e-m+fp/hard/libc_nano.a(lib_a-sbrkr.o) (errno)
/usr/bin/../lib/gcc/arm-none-eabi/10.2.1/../../../../arm-none-eabi/lib/thumb/v7e-m+fp/hard/libc_nano.a(lib_a-lock.o)
[...]
Memory Configuration

Name             Origin             Length             Attributes
rom              0x0000000000000000 0x0000000000100000 xr
rom_boot         0x000000000fe10000 0x0000000000008000 xr
ram              0x0000000020000000 0x0000000000030000 rw
*default*        0x0000000000000000 0xffffffffffffffff

Linker script and memory map

LOAD build/platform/efm32gg/tusb/device/usbd_control.o
LOAD /tmp/openinput-efm32gg12-generic-r193-73649e7-dirty.elf.7JnSLG.ltrans0.ltrans.o
LOAD /tmp/cc7rMoUy.debug.temp.o
LOAD /tmp/ccZ7R8Lw.debug.temp.o
LOAD /tmp/cc16M4XY.debug.temp.o
LOAD /tmp/cc2lhO6Z.debug.temp.o
LOAD /tmp/cckXD0Ae.debug.temp.o
LOAD /tmp/ccYtI3bc.debug.temp.o
LOAD /tmp/cchilA1H.debug.temp.o
LOAD /tmp/ccZIBLc1.debug.temp.o
LOAD /tmp/ccAZDUB6.debug.temp.o
LOAD /tmp/cc0rjm19.debug.temp.o
LOAD /tmp/ccHvSWXY.debug.temp.o
LOAD /tmp/ccQXUSlc.debug.temp.o
LOAD /tmp/ccfMw0fG.debug.temp.o
LOAD /tmp/ccUZOd20.debug.temp.o
LOAD /tmp/ccIILXpc.debug.temp.o
LOAD /tmp/cc5Xrmyb.debug.temp.o
LOAD /tmp/ccZNjI6P.debug.temp.o
LOAD build/platform/efm32gg/emu.o
LOAD build/platform/efm32gg/tusb/device/usbd.o
LOAD build/platform/efm32gg/systick.o
LOAD build/platform/efm32gg/hal/hid.o
LOAD build/targets/efm32gg12-generic/main.o
LOAD build/platform/efm32gg/startup.o
LOAD build/driver/pixart/pixart_pmw.o
LOAD build/platform/efm32gg/tusb/portable/silabs/efm32/dcd_efm32.o
LOAD build/protocol/protocol.o
LOAD build/platform/efm32gg/gpio.o
LOAD build/platform/efm32gg/usb_descriptors.o
LOAD build/platform/efm32gg/tusb/tusb.o
LOAD build/platform/efm32gg/cmu.o
LOAD build/platform/efm32gg/tusb/common/tusb_fifo.o
LOAD build/platform/efm32gg/usb.o
LOAD build/platform/efm32gg/tusb/class/hid/hid_device.o
LOAD /usr/bin/../lib/gcc/arm-none-eabi/10.2.1/thumb/v7e-m+fp/hard/libgcc.a
LOAD /usr/bin/../lib/gcc/arm-none-eabi/10.2.1/../../../../arm-none-eabi/lib/thumb/v7e-m+fp/hard/libm.a
LOAD /usr/bin/../lib/gcc/arm-none-eabi/10.2.1/../../../../arm-none-eabi/lib/thumb/v7e-m+fp/hard/libnosys.a
LOAD /usr/bin/../lib/gcc/arm-none-eabi/10.2.1/../../../../arm-none-eabi/lib/thumb/v7e-m+fp/hard/libc_nano.a
                0x0000000000000800                _min_heap_size = 0x800
                0x0000000000000400                _min_stack_size = 0x400
                0x0000000020030000                _estack = ((ORIGIN (ram) + LENGTH (ram)) & 0xfffffffffffffff8)

.isr_vector     0x0000000000000000      0x130
                0x0000000000000000                . = ALIGN (0x4)
                0x0000000000000000                _svect = .
 *(.isr_vector)
 .isr_vector    0x0000000000000000      0x130 /tmp/openinput-efm32gg12-generic-r193-73649e7-dirty.elf.7JnSLG.ltrans0.ltrans.o
                0x0000000000000000                g_pfnVectors
                0x0000000000000130                . = ALIGN (0x4)
                0x0000000000000130                _evect = .

.text           0x0000000000000130     0x2f50
                0x0000000000000130                . = ALIGN (0x4)
                0x0000000000000130                _stext = .
 *(.text)
 .text          0x0000000000000130       0x10 /usr/bin/../lib/gcc/arm-none-eabi/10.2.1/../../../../arm-none-eabi/lib/thumb/v7e-m+fp/hard/libc_nano.a(lib_a-strlen.o)
                0x0000000000000130                strlen
 .text          0x0000000000000140       0xa0 /usr/bin/../lib/gcc/arm-none-eabi/10.2.1/../../../../arm-none-eabi/lib/thumb/v7e-m+fp/hard/libc_nano.a(lib_a-memchr.o)
                0x0000000000000140                memchr
 *(.text*)
 .text._sbrk    0x00000000000001e0       0x1c /usr/bin/../lib/gcc/arm-none-eabi/10.2.1/../../../../arm-none-eabi/lib/thumb/v7e-m+fp/hard/libnosys.a(sbrk.o)
                0x00000000000001e0                _sbrk
 .text.get_driver
                0x00000000000001fc       0x38 /tmp/openinput-efm32gg12-generic-r193-73649e7-dirty.elf.7JnSLG.ltrans0.ltrans.o
 .text.invoke_class_control
                0x0000000000000234       0x10 /tmp/openinput-efm32gg12-generic-r193-73649e7-dirty.elf.7JnSLG.ltrans0.ltrans.o
 .text._systick_isr
                0x0000000000000244       0x18 /tmp/openinput-efm32gg12-generic-r193-73649e7-dirty.elf.7JnSLG.ltrans0.ltrans.o
 .text._default_isr
                0x000000000000025c        0x2 /tmp/openinput-efm32gg12-generic-r193-73649e7-dirty.elf.7JnSLG.ltrans0.ltrans.o
 *fill*         0x000000000000025e        0x2
 .text.flush_tx_fifo
                0x0000000000000260       0x18 /tmp/openinput-efm32gg12-generic-r193-73649e7-dirty.elf.7JnSLG.ltrans0.ltrans.o
 .text.bus_reset
                0x0000000000000278       0x90 /tmp/openinput-efm32gg12-generic-r193-73649e7-dirty.elf.7JnSLG.ltrans0.ltrans.o
 .text.transmit_packet
                0x0000000000000308       0x9c /tmp/openinput-efm32gg12-generic-r193-73649e7-dirty.elf.7JnSLG.ltrans0.ltrans.o
 .text.dcd_edpt_stall.constprop.0
                0x00000000000003a4      0x144 /tmp/openinput-efm32gg12-generic-r193-73649e7-dirty.elf.7JnSLG.ltrans0.ltrans.o
 .text.dcd_edpt_xfer.constprop.0
                0x00000000000004e8       0xcc /tmp/openinput-efm32gg12-generic-r193-73649e7-dirty.elf.7JnSLG.ltrans0.ltrans.o
 .text.usbd_edpt_xfer.isra.0
                0x00000000000005b4       0x60 /tmp/openinput-efm32gg12-generic-r193-73649e7-dirty.elf.7JnSLG.ltrans0.ltrans.o
 .text.hidd_open
                0x0000000000000614      0x270 /tmp/openinput-efm32gg12-generic-r193-73649e7-dirty.elf.7JnSLG.ltrans0.ltrans.o
 .text._status_stage_xact.isra.0
                0x0000000000000884       0x14 /tmp/openinput-efm32gg12-generic-r193-73649e7-dirty.elf.7JnSLG.ltrans0.ltrans.o
 .text.tud_control_status.isra.0
                0x0000000000000898       0x24 /tmp/openinput-efm32gg12-generic-r193-73649e7-dirty.elf.7JnSLG.ltrans0.ltrans.o
 .text.usbd_reset
                0x00000000000008bc       0x5c /tmp/openinput-efm32gg12-generic-r193-73649e7-dirty.elf.7JnSLG.ltrans0.ltrans.o
 .text.hidd_reset
                0x0000000000000918       0x10 /tmp/openinput-efm32gg12-generic-r193-73649e7-dirty.elf.7JnSLG.ltrans0.ltrans.o
 .text.hidd_init
                0x0000000000000928        0x6 /tmp/openinput-efm32gg12-generic-r193-73649e7-dirty.elf.7JnSLG.ltrans0.ltrans.o
 *fill*         0x000000000000092e        0x2
 .text._data_stage_xact.isra.0
                0x0000000000000930       0x54 /tmp/openinput-efm32gg12-generic-r193-73649e7-dirty.elf.7JnSLG.ltrans0.ltrans.o
 .text.tud_control_xfer.isra.0
                0x0000000000000984       0x64 /tmp/openinput-efm32gg12-generic-r193-73649e7-dirty.elf.7JnSLG.ltrans0.ltrans.o
 .text.startup.main
                0x00000000000009e8     0x10dc /tmp/openinput-efm32gg12-generic-r193-73649e7-dirty.elf.7JnSLG.ltrans0.ltrans.o
 .text._reset_isr
                0x0000000000001ac4       0x88 /tmp/openinput-efm32gg12-generic-r193-73649e7-dirty.elf.7JnSLG.ltrans0.ltrans.o
                0x0000000000001ac4                _reset_isr
 .text.osal_queue_send.constprop.0.isra.0
                0x0000000000001b4c       0x72 /tmp/openinput-efm32gg12-generic-r193-73649e7-dirty.elf.7JnSLG.ltrans0.ltrans.o
 *fill*         0x0000000000001bbe        0x2
 .text.dcd_event_bus_signal.constprop.0
                0x0000000000001bc0       0x50 /tmp/openinput-efm32gg12-generic-r193-73649e7-dirty.elf.7JnSLG.ltrans0.ltrans.o
 .text.dcd_event_xfer_complete.constprop.0
                0x0000000000001c10       0x28 /tmp/openinput-efm32gg12-generic-r193-73649e7-dirty.elf.7JnSLG.ltrans0.ltrans.o
 .text.dcd_event_setup_received.constprop.0
                0x0000000000001c38       0x2c /tmp/openinput-efm32gg12-generic-r193-73649e7-dirty.elf.7JnSLG.ltrans0.ltrans.o
 .text._usb_isr
                0x0000000000001c64      0x3e8 /tmp/openinput-efm32gg12-generic-r193-73649e7-dirty.elf.7JnSLG.ltrans0.ltrans.o
 .text.tud_hid_report.constprop.0.isra.0
                0x000000000000204c       0x5c /tmp/openinput-efm32gg12-generic-r193-73649e7-dirty.elf.7JnSLG.ltrans0.ltrans.o
 .text.hid_hal_send
                0x00000000000020a8       0x18 /tmp/openinput-efm32gg12-generic-r193-73649e7-dirty.elf.7JnSLG.ltrans0.ltrans.o
 .text.protocol_send_report.constprop.0
                0x00000000000020c0       0x32 /tmp/openinput-efm32gg12-generic-r193-73649e7-dirty.elf.7JnSLG.ltrans0.ltrans.o
 *fill*         0x00000000000020f2        0x2
 .text.protocol_dispatch
                0x00000000000020f4      0x354 /tmp/openinput-efm32gg12-generic-r193-73649e7-dirty.elf.7JnSLG.ltrans0.ltrans.o
 .text.hidd_control_xfer_cb
                0x0000000000002448      0x19c /tmp/openinput-efm32gg12-generic-r193-73649e7-dirty.elf.7JnSLG.ltrans0.ltrans.o
 .text.hidd_xfer_cb
                0x00000000000025e4       0x8c /tmp/openinput-efm32gg12-generic-r193-73649e7-dirty.elf.7JnSLG.ltrans0.ltrans.o
 .text.memcpy   0x0000000000002670       0x1c /usr/bin/../lib/gcc/arm-none-eabi/10.2.1/../../../../arm-none-eabi/lib/thumb/v7e-m+fp/hard/libc_nano.a(lib_a-memcpy-stub.o)
                0x0000000000002670                memcpy
 .text.memset   0x000000000000268c       0x10 /usr/bin/../lib/gcc/arm-none-eabi/10.2.1/../../../../arm-none-eabi/lib/thumb/v7e-m+fp/hard/libc_nano.a(lib_a-memset.o)
                0x000000000000268c                memset
 .text.snprintf
                0x000000000000269c       0x68 /usr/bin/../lib/gcc/arm-none-eabi/10.2.1/../../../../arm-none-eabi/lib/thumb/v7e-m+fp/hard/libc_nano.a(lib_a-snprintf.o)
                0x000000000000269c                snprintf
                0x000000000000269c                sniprintf
 .text.strcpy   0x0000000000002704       0x10 /usr/bin/../lib/gcc/arm-none-eabi/10.2.1/../../../../arm-none-eabi/lib/thumb/v7e-m+fp/hard/libc_nano.a(lib_a-strcpy.o)
                0x0000000000002704                strcpy
 .text.__ssputs_r
                0x0000000000002714       0xb6 /usr/bin/../lib/gcc/arm-none-eabi/10.2.1/../../../../arm-none-eabi/lib/thumb/v7e-m+fp/hard/libc_nano.a(lib_a-nano-svfprintf.o)
                0x0000000000002714                __ssputs_r
 *fill*         0x00000000000027ca        0x2
 .text._svfprintf_r
                0x00000000000027cc      0x200 /usr/bin/../lib/gcc/arm-none-eabi/10.2.1/../../../../arm-none-eabi/lib/thumb/v7e-m+fp/hard/libc_nano.a(lib_a-nano-svfprintf.o)
                0x00000000000027cc                _svfprintf_r
                0x00000000000027cc                _svfiprintf_r
 .text._printf_common
                0x00000000000029cc       0xda /usr/bin/../lib/gcc/arm-none-eabi/10.2.1/../../../../arm-none-eabi/lib/thumb/v7e-m+fp/hard/libc_nano.a(lib_a-nano-vfprintf_i.o)
                0x00000000000029cc                _printf_common
 *fill*         0x0000000000002aa6        0x2
 .text._printf_i
                0x0000000000002aa8      0x24c /usr/bin/../lib/gcc/arm-none-eabi/10.2.1/../../../../arm-none-eabi/lib/thumb/v7e-m+fp/hard/libc_nano.a(lib_a-nano-vfprintf_i.o)
                0x0000000000002aa8                _printf_i
 .text.memmove  0x0000000000002cf4       0x34 /usr/bin/../lib/gcc/arm-none-eabi/10.2.1/../../../../arm-none-eabi/lib/thumb/v7e-m+fp/hard/libc_nano.a(lib_a-memmove.o)
                0x0000000000002cf4                memmove
 .text._free_r  0x0000000000002d28       0x98 /usr/bin/../lib/gcc/arm-none-eabi/10.2.1/../../../../arm-none-eabi/lib/thumb/v7e-m+fp/hard/libc_nano.a(lib_a-nano-freer.o)
                0x0000000000002d28                _free_r
 .text._malloc_r
                0x0000000000002dc0       0xb4 /usr/bin/../lib/gcc/arm-none-eabi/10.2.1/../../../../arm-none-eabi/lib/thumb/v7e-m+fp/hard/libc_nano.a(lib_a-nano-mallocr.o)
                0x0000000000002dc0                _malloc_r
 .text._realloc_r
                0x0000000000002e74       0x4c /usr/bin/../lib/gcc/arm-none-eabi/10.2.1/../../../../arm-none-eabi/lib/thumb/v7e-m+fp/hard/libc_nano.a(lib_a-nano-reallocr.o)
                0x0000000000002e74                _realloc_r
 .text._sbrk_r  0x0000000000002ec0       0x20 /usr/bin/../lib/gcc/arm-none-eabi/10.2.1/../../../../arm-none-eabi/lib/thumb/v7e-m+fp/hard/libc_nano.a(lib_a-sbrkr.o)
                0x0000000000002ec0                _sbrk_r
 .text.__malloc_lock
                0x0000000000002ee0        0xc /usr/bin/../lib/gcc/arm-none-eabi/10.2.1/../../../../arm-none-eabi/lib/thumb/v7e-m+fp/hard/libc_nano.a(lib_a-mlock.o)
                0x0000000000002ee0                __malloc_lock
 .text.__malloc_unlock
                0x0000000000002eec        0xc /usr/bin/../lib/gcc/arm-none-eabi/10.2.1/../../../../arm-none-eabi/lib/thumb/v7e-m+fp/hard/libc_nano.a(lib_a-mlock.o)
                0x0000000000002eec                __malloc_unlock
 .text._malloc_usable_size_r
                0x0000000000002ef8       0x10 /usr/bin/../lib/gcc/arm-none-eabi/10.2.1/../../../../arm-none-eabi/lib/thumb/v7e-m+fp/hard/libc_nano.a(lib_a-nano-msizer.o)
                0x0000000000002ef8                _malloc_usable_size_r
 .text.__retarget_lock_acquire_recursive
                0x0000000000002f08        0x2 /usr/bin/../lib/gcc/arm-none-eabi/10.2.1/../../../../arm-none-eabi/lib/thumb/v7e-m+fp/hard/libc_nano.a(lib_a-lock.o)
                0x0000000000002f08                __retarget_lock_acquire_recursive
 .text.__retarget_lock_release_recursive
                0x0000000000002f0a        0x2 /usr/bin/../lib/gcc/arm-none-eabi/10.2.1/../../../../arm-none-eabi/lib/thumb/v7e-m+fp/hard/libc_nano.a(lib_a-lock.o)
                0x0000000000002f0a                __retarget_lock_release_recursive
 *(.rodata)
 .rodata        0x0000000000002f0c       0x6c /tmp/openinput-efm32gg12-generic-r193-73649e7-dirty.elf.7JnSLG.ltrans0.ltrans.o
 *(.rodata*)
 .rodata.main.str1.1
                0x0000000000002f78       0x25 /tmp/openinput-efm32gg12-generic-r193-73649e7-dirty.elf.7JnSLG.ltrans0.ltrans.o
 .rodata.protocol_dispatch.str1.1
                0x0000000000002f9d       0x18 /tmp/openinput-efm32gg12-generic-r193-73649e7-dirty.elf.7JnSLG.ltrans0.ltrans.o
 .rodata.str1.1
                0x0000000000002fb5       0x1b /tmp/openinput-efm32gg12-generic-r193-73649e7-dirty.elf.7JnSLG.ltrans0.ltrans.o
 .rodata.__compound_literal.0
                0x0000000000002fd0        0x2 /tmp/openinput-efm32gg12-generic-r193-73649e7-dirty.elf.7JnSLG.ltrans0.ltrans.o
 *fill*         0x0000000000002fd2        0x2
 .rodata._usbd_driver
                0x0000000000002fd4       0x18 /tmp/openinput-efm32gg12-generic-r193-73649e7-dirty.elf.7JnSLG.ltrans0.ltrans.o
 .rodata.desc_configuration
                0x0000000000002fec       0x22 /tmp/openinput-efm32gg12-generic-r193-73649e7-dirty.elf.7JnSLG.ltrans0.ltrans.o
 .rodata.desc_device
                0x000000000000300e       0x12 /tmp/openinput-efm32gg12-generic-r193-73649e7-dirty.elf.7JnSLG.ltrans0.ltrans.o
 .rodata.string_desc_arr
                0x0000000000003020        0xc /tmp/openinput-efm32gg12-generic-r193-73649e7-dirty.elf.7JnSLG.ltrans0.ltrans.o
 .rodata.supported_pages
                0x000000000000302c        0x3 /tmp/openinput-efm32gg12-generic-r193-73649e7-dirty.elf.7JnSLG.ltrans0.ltrans.o
 *fill*         0x000000000000302f        0x1
 .rodata.tx_fifo
                0x0000000000003030       0x1c /tmp/openinput-efm32gg12-generic-r193-73649e7-dirty.elf.7JnSLG.ltrans0.ltrans.o
 .rodata._svfprintf_r.str1.1
                0x000000000000304c       0x11 /usr/bin/../lib/gcc/arm-none-eabi/10.2.1/../../../../arm-none-eabi/lib/thumb/v7e-m+fp/hard/libc_nano.a(lib_a-nano-svfprintf.o)
 .rodata._printf_i.str1.1
                0x000000000000305d       0x22 /usr/bin/../lib/gcc/arm-none-eabi/10.2.1/../../../../arm-none-eabi/lib/thumb/v7e-m+fp/hard/libc_nano.a(lib_a-nano-vfprintf_i.o)
 *(.glue_7)
 .glue_7        0x000000000000307f        0x0 linker stubs
 *(.glue_7t)
 .glue_7t       0x000000000000307f        0x0 linker stubs
 *(.init)
 *(.fini)
                0x0000000000003080                . = ALIGN (0x4)
 *fill*         0x000000000000307f        0x1
                0x0000000000003080                _etext = .

.vfp11_veneer   0x0000000000003080        0x0
 .vfp11_veneer  0x0000000000003080        0x0 linker stubs

.v4_bx          0x0000000000003080        0x0
 .v4_bx         0x0000000000003080        0x0 linker stubs

.iplt           0x0000000000003080        0x0
 .iplt          0x0000000000003080        0x0 /tmp/openinput-efm32gg12-generic-r193-73649e7-dirty.elf.7JnSLG.ltrans0.ltrans.o

.rel.dyn        0x0000000000003080        0x0
 .rel.iplt      0x0000000000003080        0x0 /tmp/openinput-efm32gg12-generic-r193-73649e7-dirty.elf.7JnSLG.ltrans0.ltrans.o

.ARM.extab
 *(.ARM.extab* .gnu.linkonce.armextab.*)

.ARM            0x0000000000003080        0x0
                0x0000000000003080                __exidx_start = .
 *(.ARM.exidx*)
                0x0000000000003080                __exidx_end = .

.ARM.attributes
                0x0000000000003080       0x32
 *(.ARM.attributes)
 .ARM.attributes
                0x0000000000003080       0x34 /usr/bin/../lib/gcc/arm-none-eabi/10.2.1/../../../../arm-none-eabi/lib/thumb/v7e-m+fp/hard/libnosys.a(sbrk.o)
 .ARM.attributes
                0x00000000000030b4       0x32 /tmp/openinput-efm32gg12-generic-r193-73649e7-dirty.elf.7JnSLG.ltrans0.ltrans.o
 .ARM.attributes
                0x00000000000030e6       0x34 /usr/bin/../lib/gcc/arm-none-eabi/10.2.1/../../../../arm-none-eabi/lib/thumb/v7e-m+fp/hard/libc_nano.a(lib_a-memcpy-stub.o)
 .ARM.attributes
                0x000000000000311a       0x34 /usr/bin/../lib/gcc/arm-none-eabi/10.2.1/../../../../arm-none-eabi/lib/thumb/v7e-m+fp/hard/libc_nano.a(lib_a-memset.o)
 .ARM.attributes
                0x000000000000314e       0x34 /usr/bin/../lib/gcc/arm-none-eabi/10.2.1/../../../../arm-none-eabi/lib/thumb/v7e-m+fp/hard/libc_nano.a(lib_a-snprintf.o)
 .ARM.attributes
                0x0000000000003182       0x34 /usr/bin/../lib/gcc/arm-none-eabi/10.2.1/../../../../arm-none-eabi/lib/thumb/v7e-m+fp/hard/libc_nano.a(lib_a-strcpy.o)
 .ARM.attributes
                0x00000000000031b6       0x17 /usr/bin/../lib/gcc/arm-none-eabi/10.2.1/../../../../arm-none-eabi/lib/thumb/v7e-m+fp/hard/libc_nano.a(lib_a-strlen.o)
 .ARM.attributes
                0x00000000000031cd       0x32 /usr/bin/../lib/gcc/arm-none-eabi/10.2.1/../../../../arm-none-eabi/lib/thumb/v7e-m+fp/hard/libc_nano.a(lib_a-impure.o)
 .ARM.attributes
                0x00000000000031ff       0x34 /usr/bin/../lib/gcc/arm-none-eabi/10.2.1/../../../../arm-none-eabi/lib/thumb/v7e-m+fp/hard/libc_nano.a(lib_a-nano-svfprintf.o)
 .ARM.attributes
                0x0000000000003233       0x34 /usr/bin/../lib/gcc/arm-none-eabi/10.2.1/../../../../arm-none-eabi/lib/thumb/v7e-m+fp/hard/libc_nano.a(lib_a-nano-vfprintf_i.o)
 .ARM.attributes
                0x0000000000003267       0x1c /usr/bin/../lib/gcc/arm-none-eabi/10.2.1/../../../../arm-none-eabi/lib/thumb/v7e-m+fp/hard/libc_nano.a(lib_a-memchr.o)
 .ARM.attributes
                0x0000000000003283       0x34 /usr/bin/../lib/gcc/arm-none-eabi/10.2.1/../../../../arm-none-eabi/lib/thumb/v7e-m+fp/hard/libc_nano.a(lib_a-memmove.o)
 .ARM.attributes
                0x00000000000032b7       0x34 /usr/bin/../lib/gcc/arm-none-eabi/10.2.1/../../../../arm-none-eabi/lib/thumb/v7e-m+fp/hard/libc_nano.a(lib_a-nano-freer.o)
 .ARM.attributes
                0x00000000000032eb       0x34 /usr/bin/../lib/gcc/arm-none-eabi/10.2.1/../../../../arm-none-eabi/lib/thumb/v7e-m+fp/hard/libc_nano.a(lib_a-nano-mallocr.o)
 .ARM.attributes
                0x000000000000331f       0x34 /usr/bin/../lib/gcc/arm-none-eabi/10.2.1/../../../../arm-none-eabi/lib/thumb/v7e-m+fp/hard/libc_nano.a(lib_a-nano-reallocr.o)
 .ARM.attributes
                0x0000000000003353       0x34 /usr/bin/../lib/gcc/arm-none-eabi/10.2.1/../../../../arm-none-eabi/lib/thumb/v7e-m+fp/hard/libc_nano.a(lib_a-sbrkr.o)
 .ARM.attributes
                0x0000000000003387       0x34 /usr/bin/../lib/gcc/arm-none-eabi/10.2.1/../../../../arm-none-eabi/lib/thumb/v7e-m+fp/hard/libc_nano.a(lib_a-mlock.o)
 .ARM.attributes
                0x00000000000033bb       0x34 /usr/bin/../lib/gcc/arm-none-eabi/10.2.1/../../../../arm-none-eabi/lib/thumb/v7e-m+fp/hard/libc_nano.a(lib_a-nano-msizer.o)
 .ARM.attributes
                0x00000000000033ef       0x34 /usr/bin/../lib/gcc/arm-none-eabi/10.2.1/../../../../arm-none-eabi/lib/thumb/v7e-m+fp/hard/libc_nano.a(lib_a-reent.o)
 .ARM.attributes
                0x0000000000003423       0x34 /usr/bin/../lib/gcc/arm-none-eabi/10.2.1/../../../../arm-none-eabi/lib/thumb/v7e-m+fp/hard/libc_nano.a(lib_a-lock.o)

.preinit_array  0x0000000000003080        0x0
                [!provide]                        PROVIDE (__preinit_array_start = .)
 *(.preinit_array*)
                [!provide]                        PROVIDE (__preinit_array_end = .)

.init_array     0x0000000000003080        0x0
                [!provide]                        PROVIDE (__init_array_start = .)
 *(SORT_BY_NAME(.init_array.*))
 *(.init_array*)
                [!provide]                        PROVIDE (__init_array_end = .)

.fini_array     0x0000000000003080        0x0
                [!provide]                        PROVIDE (__fini_array_start = .)
 *(.fini_array*)
 *(SORT_BY_NAME(.fini_array.*))
                [!provide]                        PROVIDE (__fini_array_end = .)

.irom1.text     0x000000000fe10000        0x0
                0x000000000fe10000                . = ALIGN (0x4)
                0x000000000fe10000                _sirom1 = .
 *(.irom1.text)
 *(.irom1.text*)
                0x000000000fe10000                . = ALIGN (0x4)
                0x000000000fe10000                _eirom1 = .
                0x0000000000003080                _sidata = LOADADDR (.data)

.data           0x0000000020000000       0x80 load address 0x0000000000003080
                0x0000000020000000                . = ALIGN (0x4)
                0x0000000020000000                _sdata = .
 *(.data)
 *(.data*)
 .data._allocated_fifos
                0x0000000020000000        0x1 /tmp/openinput-efm32gg12-generic-r193-73649e7-dirty.elf.7JnSLG.ltrans0.ltrans.o
 *fill*         0x0000000020000001        0x3
 .data._usbd_qdef
                0x0000000020000004       0x18 /tmp/openinput-efm32gg12-generic-r193-73649e7-dirty.elf.7JnSLG.ltrans0.ltrans.o
 .data._impure_ptr
                0x000000002000001c        0x4 /usr/bin/../lib/gcc/arm-none-eabi/10.2.1/../../../../arm-none-eabi/lib/thumb/v7e-m+fp/hard/libc_nano.a(lib_a-impure.o)
                0x000000002000001c                _impure_ptr
 .data.impure_data
                0x0000000020000020       0x60 /usr/bin/../lib/gcc/arm-none-eabi/10.2.1/../../../../arm-none-eabi/lib/thumb/v7e-m+fp/hard/libc_nano.a(lib_a-impure.o)
                0x0000000020000080                . = ALIGN (0x4)
                0x0000000020000080                _edata = .

.igot.plt       0x0000000020000080        0x0 load address 0x0000000000003100
 .igot.plt      0x0000000020000080        0x0 /tmp/openinput-efm32gg12-generic-r193-73649e7-dirty.elf.7JnSLG.ltrans0.ltrans.o

.bss            0x0000000020000080      0x3d0 load address 0x0000000000003100
                0x0000000020000080                . = ALIGN (0x4)
                0x0000000020000080                _sbss = .
                0x0000000020000080                __bss_start__ = _sbss
 *(.bss)
 *(.bss*)
 .bss.heap_end.0
                0x0000000020000080        0x4 /usr/bin/../lib/gcc/arm-none-eabi/10.2.1/../../../../arm-none-eabi/lib/thumb/v7e-m+fp/hard/libnosys.a(sbrk.o)
 .bss._app_driver
                0x0000000020000084        0x4 /tmp/openinput-efm32gg12-generic-r193-73649e7-dirty.elf.7JnSLG.ltrans0.ltrans.o
 .bss._app_driver_count
                0x0000000020000088        0x1 /tmp/openinput-efm32gg12-generic-r193-73649e7-dirty.elf.7JnSLG.ltrans0.ltrans.o
 *fill*         0x0000000020000089        0x3
 .bss._ctrl_xfer
                0x000000002000008c       0x14 /tmp/openinput-efm32gg12-generic-r193-73649e7-dirty.elf.7JnSLG.ltrans0.ltrans.o
 .bss._desc_str
                0x00000000200000a0       0x40 /tmp/openinput-efm32gg12-generic-r193-73649e7-dirty.elf.7JnSLG.ltrans0.ltrans.o
 .bss._hidd_itf
                0x00000000200000e0       0x4c /tmp/openinput-efm32gg12-generic-r193-73649e7-dirty.elf.7JnSLG.ltrans0.ltrans.o
 .bss._initialized
                0x000000002000012c        0x1 /tmp/openinput-efm32gg12-generic-r193-73649e7-dirty.elf.7JnSLG.ltrans0.ltrans.o
 *fill*         0x000000002000012d        0x3
 .bss._setup_packet
                0x0000000020000130        0x8 /tmp/openinput-efm32gg12-generic-r193-73649e7-dirty.elf.7JnSLG.ltrans0.ltrans.o
 .bss._usbd_ctrl_buf
                0x0000000020000138       0x40 /tmp/openinput-efm32gg12-generic-r193-73649e7-dirty.elf.7JnSLG.ltrans0.ltrans.o
 .bss._usbd_dev
                0x0000000020000178       0x37 /tmp/openinput-efm32gg12-generic-r193-73649e7-dirty.elf.7JnSLG.ltrans0.ltrans.o
 *fill*         0x00000000200001af        0x1
 .bss._usbd_q   0x00000000200001b0        0x4 /tmp/openinput-efm32gg12-generic-r193-73649e7-dirty.elf.7JnSLG.ltrans0.ltrans.o
 .bss._usbd_qdef_buf
                0x00000000200001b4       0xc0 /tmp/openinput-efm32gg12-generic-r193-73649e7-dirty.elf.7JnSLG.ltrans0.ltrans.o
 .bss.cmu_clock_tree
                0x0000000020000274       0x94 /tmp/openinput-efm32gg12-generic-r193-73649e7-dirty.elf.7JnSLG.ltrans0.ltrans.o
 .bss.desc_hid_report
                0x0000000020000308       0x6c /tmp/openinput-efm32gg12-generic-r193-73649e7-dirty.elf.7JnSLG.ltrans0.ltrans.o
 .bss.protocol_config
                0x0000000020000374       0x1c /tmp/openinput-efm32gg12-generic-r193-73649e7-dirty.elf.7JnSLG.ltrans0.ltrans.o
 .bss.system_tick
                0x0000000020000390        0x8 /tmp/openinput-efm32gg12-generic-r193-73649e7-dirty.elf.7JnSLG.ltrans0.ltrans.o
 .bss.xfer_status
                0x0000000020000398       0xa8 /tmp/openinput-efm32gg12-generic-r193-73649e7-dirty.elf.7JnSLG.ltrans0.ltrans.o
 .bss.__malloc_free_list
                0x0000000020000440        0x4 /usr/bin/../lib/gcc/arm-none-eabi/10.2.1/../../../../arm-none-eabi/lib/thumb/v7e-m+fp/hard/libc_nano.a(lib_a-nano-mallocr.o)
                0x0000000020000440                __malloc_free_list
 .bss.__malloc_sbrk_start
                0x0000000020000444        0x4 /usr/bin/../lib/gcc/arm-none-eabi/10.2.1/../../../../arm-none-eabi/lib/thumb/v7e-m+fp/hard/libc_nano.a(lib_a-nano-mallocr.o)
                0x0000000020000444                __malloc_sbrk_start
 .bss.errno     0x0000000020000448        0x4 /usr/bin/../lib/gcc/arm-none-eabi/10.2.1/../../../../arm-none-eabi/lib/thumb/v7e-m+fp/hard/libc_nano.a(lib_a-reent.o)
                0x0000000020000448                errno
 .bss.__lock___malloc_recursive_mutex
                0x000000002000044c        0x1 /usr/bin/../lib/gcc/arm-none-eabi/10.2.1/../../../../arm-none-eabi/lib/thumb/v7e-m+fp/hard/libc_nano.a(lib_a-lock.o)
                0x000000002000044c                __lock___malloc_recursive_mutex
 *(COMMON)
                0x0000000020000450                . = ALIGN (0x4)
 *fill*         0x000000002000044d        0x3
                0x0000000020000450                _ebss = .
                0x0000000020000450                __bss_end__ = _ebss
                0x0000000020000450                PROVIDE (end = _ebss)
                [!provide]                        PROVIDE (_end = _ebss)

.min_heap_stack
                0x0000000020000450      0xc00 load address 0x0000000000003100
                0x0000000020000450                . = ALIGN (0x4)
                0x0000000020000c50                . = (. + _min_heap_size)
 *fill*         0x0000000020000450      0x800
                0x0000000020001050                . = (. + _min_stack_size)
 *fill*         0x0000000020000c50      0x400
                0x0000000020001050                . = ALIGN (0x4)

/DISCARD/
 libc.a(*)
 libm.a(*)
 libgcc.a(*)
 libnosys.a(*)
OUTPUT(build/out/openinput-efm32gg12-generic-r193-73649e7-dirty.elf elf32-littlearm)
LOAD linker stubs
LOAD /usr/bin/../lib/gcc/arm-none-eabi/10.2.1/../../../../arm-none-eabi/lib/thumb/v7e-m+fp/hard/libc.a
LOAD /usr/bin/../lib/gcc/arm-none-eabi/10.2.1/../../../../arm-none-eabi/lib/thumb/v7e-m+fp/hard/libm.a
LOAD /usr/bin/../lib/gcc/arm-none-eabi/10.2.1/thumb/v7e-m+fp/hard/libgcc.a
LOAD /usr/bin/../lib/gcc/arm-none-eabi/10.2.1/../../../../arm-none-eabi/lib/thumb/v7e-m+fp/hard/libnosys.a

.debug_info     0x0000000000000000     0xcc8f
 .debug_info    0x0000000000000000     0x371b /tmp/openinput-efm32gg12-generic-r193-73649e7-dirty.elf.7JnSLG.ltrans0.ltrans.o
 .debug_info    0x000000000000371b      0x4e3 /tmp/cc7rMoUy.debug.temp.o
                0x000000000000371b                usbd_control.c.336cf4f7
 .debug_info    0x0000000000003bfe      0xbe8 /tmp/ccZ7R8Lw.debug.temp.o
                0x0000000000003bfe                emu.c.1e984b71
 .debug_info    0x00000000000047e6     0x18d4 /tmp/cc16M4XY.debug.temp.o
                0x00000000000047e6                usbd.c.74bd0c88
 .debug_info    0x00000000000060ba      0x77f /tmp/cc2lhO6Z.debug.temp.o
                0x00000000000060ba                systick.c.212c96d6
 .debug_info    0x0000000000006839      0x185 /tmp/cckXD0Ae.debug.temp.o
                0x0000000000006839                hid.c.f610c31b
 .debug_info    0x00000000000069be      0xa2e /tmp/ccYtI3bc.debug.temp.o
                0x00000000000069be                main.c.8a41d7be
 .debug_info    0x00000000000073ec      0x31d /tmp/cchilA1H.debug.temp.o
                0x00000000000073ec                startup.c.51590bbd
 .debug_info    0x0000000000007709     0x1662 /tmp/ccAZDUB6.debug.temp.o
                0x0000000000007709                dcd_efm32.c.1c670771
 .debug_info    0x0000000000008d6b      0x5d2 /tmp/cc0rjm19.debug.temp.o
                0x0000000000008d6b                protocol.c.5d3a1228
 .debug_info    0x000000000000933d      0x99b /tmp/ccHvSWXY.debug.temp.o
                0x000000000000933d                gpio.c.ea97ecb0
 .debug_info    0x0000000000009cd8      0x2c6 /tmp/ccQXUSlc.debug.temp.o
                0x0000000000009cd8                usb_descriptors.c.9220119d
 .debug_info    0x0000000000009f9e       0xd3 /tmp/ccfMw0fG.debug.temp.o
                0x0000000000009f9e                tusb.c.88e65273
 .debug_info    0x000000000000a071      0xf82 /tmp/ccUZOd20.debug.temp.o
                0x000000000000a071                cmu.c.432b5190
 .debug_info    0x000000000000aff3      0x83c /tmp/ccIILXpc.debug.temp.o
                0x000000000000aff3                tusb_fifo.c.5ebe066a
 .debug_info    0x000000000000b82f      0x84e /tmp/cc5Xrmyb.debug.temp.o
                0x000000000000b82f                usb.c.520359d3
 .debug_info    0x000000000000c07d      0xc12 /tmp/ccZNjI6P.debug.temp.o
                0x000000000000c07d                hid_device.c.df7d68d3

.debug_abbrev   0x0000000000000000     0x1b20
 .debug_abbrev  0x0000000000000000      0x33d /tmp/openinput-efm32gg12-generic-r193-73649e7-dirty.elf.7JnSLG.ltrans0.ltrans.o
 .debug_abbrev  0x000000000000033d      0x1d7 /tmp/cc7rMoUy.debug.temp.o
 .debug_abbrev  0x0000000000000514       0xf4 /tmp/ccZ7R8Lw.debug.temp.o
 .debug_abbrev  0x0000000000000608      0x2b9 /tmp/cc16M4XY.debug.temp.o
 .debug_abbrev  0x00000000000008c1      0x185 /tmp/cc2lhO6Z.debug.temp.o
 .debug_abbrev  0x0000000000000a46       0xe2 /tmp/cckXD0Ae.debug.temp.o
 .debug_abbrev  0x0000000000000b28      0x12f /tmp/ccYtI3bc.debug.temp.o
 .debug_abbrev  0x0000000000000c57      0x10c /tmp/cchilA1H.debug.temp.o
 .debug_abbrev  0x0000000000000d63      0x297 /tmp/ccAZDUB6.debug.temp.o
 .debug_abbrev  0x0000000000000ffa      0x196 /tmp/cc0rjm19.debug.temp.o
 .debug_abbrev  0x0000000000001190      0x17f /tmp/ccHvSWXY.debug.temp.o
 .debug_abbrev  0x000000000000130f       0xfc /tmp/ccQXUSlc.debug.temp.o
 .debug_abbrev  0x000000000000140b       0x81 /tmp/ccfMw0fG.debug.temp.o
 .debug_abbrev  0x000000000000148c      0x120 /tmp/ccUZOd20.debug.temp.o
 .debug_abbrev  0x00000000000015ac      0x17a /tmp/ccIILXpc.debug.temp.o
 .debug_abbrev  0x0000000000001726      0x1a1 /tmp/cc5Xrmyb.debug.temp.o
 .debug_abbrev  0x00000000000018c7      0x259 /tmp/ccZNjI6P.debug.temp.o

.debug_loc      0x0000000000000000     0x4618
 .debug_loc     0x0000000000000000     0x4618 /tmp/openinput-efm32gg12-generic-r193-73649e7-dirty.elf.7JnSLG.ltrans0.ltrans.o

.debug_aranges  0x0000000000000000      0x118
 .debug_aranges
                0x0000000000000000      0x118 /tmp/openinput-efm32gg12-generic-r193-73649e7-dirty.elf.7JnSLG.ltrans0.ltrans.o

.debug_ranges   0x0000000000000000      0xdc0
 .debug_ranges  0x0000000000000000      0xdc0 /tmp/openinput-efm32gg12-generic-r193-73649e7-dirty.elf.7JnSLG.ltrans0.ltrans.o

.debug_line     0x0000000000000000     0x400a
 .debug_line    0x0000000000000000     0x2ca9 /tmp/openinput-efm32gg12-generic-r193-73649e7-dirty.elf.7JnSLG.ltrans0.ltrans.o
 .debug_line    0x0000000000002ca9      0x104 /tmp/cc7rMoUy.debug.temp.o
 .debug_line    0x0000000000002dad      0x123 /tmp/ccZ7R8Lw.debug.temp.o
 .debug_line    0x0000000000002ed0      0x14c /tmp/cc16M4XY.debug.temp.o
 .debug_line    0x000000000000301c      0x10d /tmp/cc2lhO6Z.debug.temp.o
 .debug_line    0x0000000000003129      0x132 /tmp/cckXD0Ae.debug.temp.o
 .debug_line    0x000000000000325b      0x1a7 /tmp/ccYtI3bc.debug.temp.o
 .debug_line    0x0000000000003402       0xe9 /tmp/cchilA1H.debug.temp.o
 .debug_line    0x00000000000034eb      0x219 /tmp/ccAZDUB6.debug.temp.o
 .debug_line    0x0000000000003704      0x146 /tmp/cc0rjm19.debug.temp.o
 .debug_line    0x000000000000384a      0x142 /tmp/ccHvSWXY.debug.temp.o
 .debug_line    0x000000000000398c      0x10a /tmp/ccQXUSlc.debug.temp.o
 .debug_line    0x0000000000003a96       0xa5 /tmp/ccfMw0fG.debug.temp.o
 .debug_line    0x0000000000003b3b      0x12c /tmp/ccUZOd20.debug.temp.o
 .debug_line    0x0000000000003c67       0xd1 /tmp/ccIILXpc.debug.temp.o
 .debug_line    0x0000000000003d38      0x1a7 /tmp/cc5Xrmyb.debug.temp.o
 .debug_line    0x0000000000003edf      0x12b /tmp/ccZNjI6P.debug.temp.o

.debug_str      0x0000000000000000     0x3c99
 .debug_str     0x0000000000000000      0x28b /tmp/openinput-efm32gg12-generic-r193-73649e7-dirty.elf.7JnSLG.ltrans0.ltrans.o
                                        0x2ad (size before relaxing)
 .debug_str     0x000000000000028b      0x41d /tmp/cc7rMoUy.debug.temp.o
                                        0x4ba (size before relaxing)
 .debug_str     0x00000000000006a8      0x709 /tmp/ccZ7R8Lw.debug.temp.o
                                        0x945 (size before relaxing)
 .debug_str     0x0000000000000db1      0xde4 /tmp/cc16M4XY.debug.temp.o
                                       0x11ec (size before relaxing)
 .debug_str     0x0000000000001b95      0x379 /tmp/cc2lhO6Z.debug.temp.o
                                        0x586 (size before relaxing)
 .debug_str     0x0000000000001f0e       0x78 /tmp/cckXD0Ae.debug.temp.o
                                        0x239 (size before relaxing)
 .debug_str     0x0000000000001f86      0x281 /tmp/ccYtI3bc.debug.temp.o
                                        0x927 (size before relaxing)
 .debug_str     0x0000000000002207       0x7f /tmp/cchilA1H.debug.temp.o
                                        0x28a (size before relaxing)
 .debug_str     0x0000000000002286      0xa05 /tmp/ccAZDUB6.debug.temp.o
                                        0xf65 (size before relaxing)
 .debug_str     0x0000000000002c8b      0x1cb /tmp/cc0rjm19.debug.temp.o
                                        0x46c (size before relaxing)
 .debug_str     0x0000000000002e56      0x320 /tmp/ccHvSWXY.debug.temp.o
                                        0x7bb (size before relaxing)
 .debug_str     0x0000000000003176      0x106 /tmp/ccQXUSlc.debug.temp.o
                                        0x4c1 (size before relaxing)
 .debug_str     0x000000000000327c       0x44 /tmp/ccfMw0fG.debug.temp.o
                                        0x1f7 (size before relaxing)
 .debug_str     0x00000000000032c0      0x142 /tmp/ccUZOd20.debug.temp.o
                                        0xbdb (size before relaxing)
 .debug_str     0x0000000000003402      0x1fa /tmp/ccIILXpc.debug.temp.o
                                        0x4bb (size before relaxing)
 .debug_str     0x00000000000035fc      0x12d /tmp/cc5Xrmyb.debug.temp.o
                                        0x71e (size before relaxing)
 .debug_str     0x0000000000003729      0x570 /tmp/ccZNjI6P.debug.temp.o
                                        0xc47 (size before relaxing)

.comment        0x0000000000000000       0x4d
 .comment       0x0000000000000000       0x4d /tmp/openinput-efm32gg12-generic-r193-73649e7-dirty.elf.7JnSLG.ltrans0.ltrans.o
                                         0x4e (size before relaxing)

.debug_frame    0x0000000000000000      0x7e8
 .debug_frame   0x0000000000000000      0x3c0 /tmp/openinput-efm32gg12-generic-r193-73649e7-dirty.elf.7JnSLG.ltrans0.ltrans.o
 .debug_frame   0x00000000000003c0       0x28 /usr/bin/../lib/gcc/arm-none-eabi/10.2.1/../../../../arm-none-eabi/lib/thumb/v7e-m+fp/hard/libc_nano.a(lib_a-memcpy-stub.o)
 .debug_frame   0x00000000000003e8       0x20 /usr/bin/../lib/gcc/arm-none-eabi/10.2.1/../../../../arm-none-eabi/lib/thumb/v7e-m+fp/hard/libc_nano.a(lib_a-memset.o)
 .debug_frame   0x0000000000000408       0x7c /usr/bin/../lib/gcc/arm-none-eabi/10.2.1/../../../../arm-none-eabi/lib/thumb/v7e-m+fp/hard/libc_nano.a(lib_a-snprintf.o)
 .debug_frame   0x0000000000000484       0x20 /usr/bin/../lib/gcc/arm-none-eabi/10.2.1/../../../../arm-none-eabi/lib/thumb/v7e-m+fp/hard/libc_nano.a(lib_a-strcpy.o)
 .debug_frame   0x00000000000004a4       0x90 /usr/bin/../lib/gcc/arm-none-eabi/10.2.1/../../../../arm-none-eabi/lib/thumb/v7e-m+fp/hard/libc_nano.a(lib_a-nano-svfprintf.o)
 .debug_frame   0x0000000000000534       0x60 /usr/bin/../lib/gcc/arm-none-eabi/10.2.1/../../../../arm-none-eabi/lib/thumb/v7e-m+fp/hard/libc_nano.a(lib_a-nano-vfprintf_i.o)
 .debug_frame   0x0000000000000594       0x28 /usr/bin/../lib/gcc/arm-none-eabi/10.2.1/../../../../arm-none-eabi/lib/thumb/v7e-m+fp/hard/libc_nano.a(lib_a-memmove.o)
 .debug_frame   0x00000000000005bc       0x38 /usr/bin/../lib/gcc/arm-none-eabi/10.2.1/../../../../arm-none-eabi/lib/thumb/v7e-m+fp/hard/libc_nano.a(lib_a-nano-freer.o)
 .debug_frame   0x00000000000005f4       0x30 /usr/bin/../lib/gcc/arm-none-eabi/10.2.1/../../../../arm-none-eabi/lib/thumb/v7e-m+fp/hard/libc_nano.a(lib_a-nano-mallocr.o)
 .debug_frame   0x0000000000000624       0x3c /usr/bin/../lib/gcc/arm-none-eabi/10.2.1/../../../../arm-none-eabi/lib/thumb/v7e-m+fp/hard/libc_nano.a(lib_a-nano-reallocr.o)
 .debug_frame   0x0000000000000660       0x2c /usr/bin/../lib/gcc/arm-none-eabi/10.2.1/../../../../arm-none-eabi/lib/thumb/v7e-m+fp/hard/libc_nano.a(lib_a-sbrkr.o)
 .debug_frame   0x000000000000068c       0x30 /usr/bin/../lib/gcc/arm-none-eabi/10.2.1/../../../../arm-none-eabi/lib/thumb/v7e-m+fp/hard/libc_nano.a(lib_a-mlock.o)
 .debug_frame   0x00000000000006bc       0x20 /usr/bin/../lib/gcc/arm-none-eabi/10.2.1/../../../../arm-none-eabi/lib/thumb/v7e-m+fp/hard/libc_nano.a(lib_a-nano-msizer.o)
 .debug_frame   0x00000000000006dc       0x5c /usr/bin/../lib/gcc/arm-none-eabi/10.2.1/../../../../arm-none-eabi/lib/thumb/v7e-m+fp/hard/libc_nano.a(lib_a-reent.o)
 .debug_frame   0x0000000000000738       0xb0 /usr/bin/../lib/gcc/arm-none-eabi/10.2.1/../../../../arm-none-eabi/lib/thumb/v7e-m+fp/hard/libc_nano.a(lib_a-lock.o)

Cross Reference Table

Symbol                                            File
__libc_init_array                                 build/platform/efm32gg/startup.o (symbol from plugin)
__lock___arc4random_mutex                         /usr/bin/../lib/gcc/arm-none-eabi/10.2.1/../../../../arm-none-eabi/lib/thumb/v7e-m+fp/hard/libc_nano.a(lib_a-lock.o)
__lock___at_quick_exit_mutex                      /usr/bin/../lib/gcc/arm-none-eabi/10.2.1/../../../../arm-none-eabi/lib/thumb/v7e-m+fp/hard/libc_nano.a(lib_a-lock.o)
__lock___atexit_recursive_mutex                   /usr/bin/../lib/gcc/arm-none-eabi/10.2.1/../../../../arm-none-eabi/lib/thumb/v7e-m+fp/hard/libc_nano.a(lib_a-lock.o)
__lock___dd_hash_mutex                            /usr/bin/../lib/gcc/arm-none-eabi/10.2.1/../../../../arm-none-eabi/lib/thumb/v7e-m+fp/hard/libc_nano.a(lib_a-lock.o)
__lock___env_recursive_mutex                      /usr/bin/../lib/gcc/arm-none-eabi/10.2.1/../../../../arm-none-eabi/lib/thumb/v7e-m+fp/hard/libc_nano.a(lib_a-lock.o)
__lock___malloc_recursive_mutex                   /usr/bin/../lib/gcc/arm-none-eabi/10.2.1/../../../../arm-none-eabi/lib/thumb/v7e-m+fp/hard/libc_nano.a(lib_a-lock.o)
                                                  /usr/bin/../lib/gcc/arm-none-eabi/10.2.1/../../../../arm-none-eabi/lib/thumb/v7e-m+fp/hard/libc_nano.a(lib_a-mlock.o)
__lock___sfp_recursive_mutex                      /usr/bin/../lib/gcc/arm-none-eabi/10.2.1/../../../../arm-none-eabi/lib/thumb/v7e-m+fp/hard/libc_nano.a(lib_a-lock.o)
__lock___sinit_recursive_mutex                    /usr/bin/../lib/gcc/arm-none-eabi/10.2.1/../../../../arm-none-eabi/lib/thumb/v7e-m+fp/hard/libc_nano.a(lib_a-lock.o)
__lock___tz_mutex                                 /usr/bin/../lib/gcc/arm-none-eabi/10.2.1/../../../../arm-none-eabi/lib/thumb/v7e-m+fp/hard/libc_nano.a(lib_a-lock.o)
__malloc_free_list                                /usr/bin/../lib/gcc/arm-none-eabi/10.2.1/../../../../arm-none-eabi/lib/thumb/v7e-m+fp/hard/libc_nano.a(lib_a-nano-mallocr.o)
                                                  /usr/bin/../lib/gcc/arm-none-eabi/10.2.1/../../../../arm-none-eabi/lib/thumb/v7e-m+fp/hard/libc_nano.a(lib_a-nano-freer.o)
__malloc_lock                                     /usr/bin/../lib/gcc/arm-none-eabi/10.2.1/../../../../arm-none-eabi/lib/thumb/v7e-m+fp/hard/libc_nano.a(lib_a-mlock.o)
                                                  /usr/bin/../lib/gcc/arm-none-eabi/10.2.1/../../../../arm-none-eabi/lib/thumb/v7e-m+fp/hard/libc_nano.a(lib_a-nano-mallocr.o)
                                                  /usr/bin/../lib/gcc/arm-none-eabi/10.2.1/../../../../arm-none-eabi/lib/thumb/v7e-m+fp/hard/libc_nano.a(lib_a-nano-freer.o)
__malloc_sbrk_start                               /usr/bin/../lib/gcc/arm-none-eabi/10.2.1/../../../../arm-none-eabi/lib/thumb/v7e-m+fp/hard/libc_nano.a(lib_a-nano-mallocr.o)
__malloc_unlock                                   /usr/bin/../lib/gcc/arm-none-eabi/10.2.1/../../../../arm-none-eabi/lib/thumb/v7e-m+fp/hard/libc_nano.a(lib_a-mlock.o)
                                                  /usr/bin/../lib/gcc/arm-none-eabi/10.2.1/../../../../arm-none-eabi/lib/thumb/v7e-m+fp/hard/libc_nano.a(lib_a-nano-mallocr.o)
                                                  /usr/bin/../lib/gcc/arm-none-eabi/10.2.1/../../../../arm-none-eabi/lib/thumb/v7e-m+fp/hard/libc_nano.a(lib_a-nano-freer.o)
__retarget_lock_acquire                           /usr/bin/../lib/gcc/arm-none-eabi/10.2.1/../../../../arm-none-eabi/lib/thumb/v7e-m+fp/hard/libc_nano.a(lib_a-lock.o)
__retarget_lock_acquire_recursive                 /usr/bin/../lib/gcc/arm-none-eabi/10.2.1/../../../../arm-none-eabi/lib/thumb/v7e-m+fp/hard/libc_nano.a(lib_a-lock.o)
                                                  /usr/bin/../lib/gcc/arm-none-eabi/10.2.1/../../../../arm-none-eabi/lib/thumb/v7e-m+fp/hard/libc_nano.a(lib_a-mlock.o)
__retarget_lock_close                             /usr/bin/../lib/gcc/arm-none-eabi/10.2.1/../../../../arm-none-eabi/lib/thumb/v7e-m+fp/hard/libc_nano.a(lib_a-lock.o)
__retarget_lock_close_recursive                   /usr/bin/../lib/gcc/arm-none-eabi/10.2.1/../../../../arm-none-eabi/lib/thumb/v7e-m+fp/hard/libc_nano.a(lib_a-lock.o)
__retarget_lock_init                              /usr/bin/../lib/gcc/arm-none-eabi/10.2.1/../../../../arm-none-eabi/lib/thumb/v7e-m+fp/hard/libc_nano.a(lib_a-lock.o)
__retarget_lock_init_recursive                    /usr/bin/../lib/gcc/arm-none-eabi/10.2.1/../../../../arm-none-eabi/lib/thumb/v7e-m+fp/hard/libc_nano.a(lib_a-lock.o)
__retarget_lock_release                           /usr/bin/../lib/gcc/arm-none-eabi/10.2.1/../../../../arm-none-eabi/lib/thumb/v7e-m+fp/hard/libc_nano.a(lib_a-lock.o)
__retarget_lock_release_recursive                 /usr/bin/../lib/gcc/arm-none-eabi/10.2.1/../../../../arm-none-eabi/lib/thumb/v7e-m+fp/hard/libc_nano.a(lib_a-lock.o)
                                                  /usr/bin/../lib/gcc/arm-none-eabi/10.2.1/../../../../arm-none-eabi/lib/thumb/v7e-m+fp/hard/libc_nano.a(lib_a-mlock.o)
__retarget_lock_try_acquire                       /usr/bin/../lib/gcc/arm-none-eabi/10.2.1/../../../../arm-none-eabi/lib/thumb/v7e-m+fp/hard/libc_nano.a(lib_a-lock.o)
__retarget_lock_try_acquire_recursive             /usr/bin/../lib/gcc/arm-none-eabi/10.2.1/../../../../arm-none-eabi/lib/thumb/v7e-m+fp/hard/libc_nano.a(lib_a-lock.o)
__sf_fake_stderr                                  /usr/bin/../lib/gcc/arm-none-eabi/10.2.1/../../../../arm-none-eabi/lib/thumb/v7e-m+fp/hard/libc_nano.a(lib_a-impure.o)
__sf_fake_stdin                                   /usr/bin/../lib/gcc/arm-none-eabi/10.2.1/../../../../arm-none-eabi/lib/thumb/v7e-m+fp/hard/libc_nano.a(lib_a-impure.o)
__sf_fake_stdout                                  /usr/bin/../lib/gcc/arm-none-eabi/10.2.1/../../../../arm-none-eabi/lib/thumb/v7e-m+fp/hard/libc_nano.a(lib_a-impure.o)
__ssprint_r                                       /usr/bin/../lib/gcc/arm-none-eabi/10.2.1/../../../../arm-none-eabi/lib/thumb/v7e-m+fp/hard/libc_nano.a(lib_a-nano-svfprintf.o)
__ssputs_r                                        /usr/bin/../lib/gcc/arm-none-eabi/10.2.1/../../../../arm-none-eabi/lib/thumb/v7e-m+fp/hard/libc_nano.a(lib_a-nano-svfprintf.o)
_acmp0_1_isr                                      build/platform/efm32gg/startup.o (symbol from plugin)
_acmp2_3_isr                                      build/platform/efm32gg/startup.o (symbol from plugin)
_adc0_isr                                         build/platform/efm32gg/startup.o (symbol from plugin)
_adc1_isr                                         build/platform/efm32gg/startup.o (symbol from plugin)
_busfault_isr                                     build/platform/efm32gg/startup.o (symbol from plugin)
_can0_isr                                         build/platform/efm32gg/startup.o (symbol from plugin)
_can1_isr                                         build/platform/efm32gg/startup.o (symbol from plugin)
_cmu_isr                                          build/platform/efm32gg/startup.o (symbol from plugin)
_cryotimer_isr                                    build/platform/efm32gg/startup.o (symbol from plugin)
_crypto0_isr                                      build/platform/efm32gg/startup.o (symbol from plugin)
_csen_isr                                         build/platform/efm32gg/startup.o (symbol from plugin)
_debugmon_isr                                     build/platform/efm32gg/startup.o (symbol from plugin)
_default_isr                                      build/platform/efm32gg/startup.o (symbol from plugin)
_ebi_isr                                          build/platform/efm32gg/startup.o (symbol from plugin)
_ebss                                             /tmp/openinput-efm32gg12-generic-r193-73649e7-dirty.elf.7JnSLG.ltrans0.ltrans.o
                                                  build/platform/efm32gg/startup.o (symbol from plugin)
_edata                                            /tmp/openinput-efm32gg12-generic-r193-73649e7-dirty.elf.7JnSLG.ltrans0.ltrans.o
                                                  build/platform/efm32gg/startup.o (symbol from plugin)
_emu_isr                                          build/platform/efm32gg/startup.o (symbol from plugin)
_estack                                           /tmp/openinput-efm32gg12-generic-r193-73649e7-dirty.elf.7JnSLG.ltrans0.ltrans.o
                                                  build/platform/efm32gg/startup.o (symbol from plugin)
_fpueh_isr                                        build/platform/efm32gg/startup.o (symbol from plugin)
_free_r                                           /usr/bin/../lib/gcc/arm-none-eabi/10.2.1/../../../../arm-none-eabi/lib/thumb/v7e-m+fp/hard/libc_nano.a(lib_a-nano-freer.o)
                                                  /usr/bin/../lib/gcc/arm-none-eabi/10.2.1/../../../../arm-none-eabi/lib/thumb/v7e-m+fp/hard/libc_nano.a(lib_a-reent.o)
                                                  /usr/bin/../lib/gcc/arm-none-eabi/10.2.1/../../../../arm-none-eabi/lib/thumb/v7e-m+fp/hard/libc_nano.a(lib_a-nano-reallocr.o)
                                                  /usr/bin/../lib/gcc/arm-none-eabi/10.2.1/../../../../arm-none-eabi/lib/thumb/v7e-m+fp/hard/libc_nano.a(lib_a-nano-svfprintf.o)
_global_impure_ptr                                /usr/bin/../lib/gcc/arm-none-eabi/10.2.1/../../../../arm-none-eabi/lib/thumb/v7e-m+fp/hard/libc_nano.a(lib_a-impure.o)
_gpio_even_isr                                    build/platform/efm32gg/startup.o (symbol from plugin)
_gpio_odd_isr                                     build/platform/efm32gg/startup.o (symbol from plugin)
_hardfault_isr                                    build/platform/efm32gg/startup.o (symbol from plugin)
_i2c0_isr                                         build/platform/efm32gg/startup.o (symbol from plugin)
_i2c1_isr                                         build/platform/efm32gg/startup.o (symbol from plugin)
_idac0_isr                                        build/platform/efm32gg/startup.o (symbol from plugin)
_impure_ptr                                       /usr/bin/../lib/gcc/arm-none-eabi/10.2.1/../../../../arm-none-eabi/lib/thumb/v7e-m+fp/hard/libc_nano.a(lib_a-impure.o)
                                                  /usr/bin/../lib/gcc/arm-none-eabi/10.2.1/../../../../arm-none-eabi/lib/thumb/v7e-m+fp/hard/libc_nano.a(lib_a-reent.o)
                                                  /usr/bin/../lib/gcc/arm-none-eabi/10.2.1/../../../../arm-none-eabi/lib/thumb/v7e-m+fp/hard/libc_nano.a(lib_a-snprintf.o)
_lcd_isr                                          build/platform/efm32gg/startup.o (symbol from plugin)
_ldma_isr                                         build/platform/efm32gg/startup.o (symbol from plugin)
_lesense_isr                                      build/platform/efm32gg/startup.o (symbol from plugin)
_letimer0_isr                                     build/platform/efm32gg/startup.o (symbol from plugin)
_letimer1_isr                                     build/platform/efm32gg/startup.o (symbol from plugin)
_leuart0_isr                                      build/platform/efm32gg/startup.o (symbol from plugin)
_leuart1_isr                                      build/platform/efm32gg/startup.o (symbol from plugin)
_malloc_r                                         /usr/bin/../lib/gcc/arm-none-eabi/10.2.1/../../../../arm-none-eabi/lib/thumb/v7e-m+fp/hard/libc_nano.a(lib_a-nano-mallocr.o)
                                                  /usr/bin/../lib/gcc/arm-none-eabi/10.2.1/../../../../arm-none-eabi/lib/thumb/v7e-m+fp/hard/libc_nano.a(lib_a-nano-reallocr.o)
                                                  /usr/bin/../lib/gcc/arm-none-eabi/10.2.1/../../../../arm-none-eabi/lib/thumb/v7e-m+fp/hard/libc_nano.a(lib_a-nano-svfprintf.o)
_malloc_usable_size_r                             /usr/bin/../lib/gcc/arm-none-eabi/10.2.1/../../../../arm-none-eabi/lib/thumb/v7e-m+fp/hard/libc_nano.a(lib_a-nano-msizer.o)
                                                  /usr/bin/../lib/gcc/arm-none-eabi/10.2.1/../../../../arm-none-eabi/lib/thumb/v7e-m+fp/hard/libc_nano.a(lib_a-nano-reallocr.o)
_memmanage_isr                                    build/platform/efm32gg/startup.o (symbol from plugin)
_msc_isr                                          build/platform/efm32gg/startup.o (symbol from plugin)
_nmi_isr                                          build/platform/efm32gg/startup.o (symbol from plugin)
_pcnt0_isr                                        build/platform/efm32gg/startup.o (symbol from plugin)
_pcnt1_isr                                        build/platform/efm32gg/startup.o (symbol from plugin)
_pcnt2_isr                                        build/platform/efm32gg/startup.o (symbol from plugin)
_pdm_isr                                          build/platform/efm32gg/startup.o (symbol from plugin)
_pendsv_isr                                       build/platform/efm32gg/startup.o (symbol from plugin)
_printf_common                                    /usr/bin/../lib/gcc/arm-none-eabi/10.2.1/../../../../arm-none-eabi/lib/thumb/v7e-m+fp/hard/libc_nano.a(lib_a-nano-vfprintf_i.o)
_printf_float                                     /usr/bin/../lib/gcc/arm-none-eabi/10.2.1/../../../../arm-none-eabi/lib/thumb/v7e-m+fp/hard/libc_nano.a(lib_a-nano-svfprintf.o)
_printf_i                                         /usr/bin/../lib/gcc/arm-none-eabi/10.2.1/../../../../arm-none-eabi/lib/thumb/v7e-m+fp/hard/libc_nano.a(lib_a-nano-vfprintf_i.o)
                                                  /usr/bin/../lib/gcc/arm-none-eabi/10.2.1/../../../../arm-none-eabi/lib/thumb/v7e-m+fp/hard/libc_nano.a(lib_a-nano-svfprintf.o)
_qspi0_isr                                        build/platform/efm32gg/startup.o (symbol from plugin)
_realloc_r                                        /usr/bin/../lib/gcc/arm-none-eabi/10.2.1/../../../../arm-none-eabi/lib/thumb/v7e-m+fp/hard/libc_nano.a(lib_a-nano-reallocr.o)
                                                  /usr/bin/../lib/gcc/arm-none-eabi/10.2.1/../../../../arm-none-eabi/lib/thumb/v7e-m+fp/hard/libc_nano.a(lib_a-nano-svfprintf.o)
_reclaim_reent                                    /usr/bin/../lib/gcc/arm-none-eabi/10.2.1/../../../../arm-none-eabi/lib/thumb/v7e-m+fp/hard/libc_nano.a(lib_a-reent.o)
_reset_isr                                        /tmp/openinput-efm32gg12-generic-r193-73649e7-dirty.elf.7JnSLG.ltrans0.ltrans.o
                                                  build/platform/efm32gg/startup.o (symbol from plugin)
_rtc_isr                                          build/platform/efm32gg/startup.o (symbol from plugin)
_rtcc_isr                                         build/platform/efm32gg/startup.o (symbol from plugin)
_sbrk                                             /usr/bin/../lib/gcc/arm-none-eabi/10.2.1/../../../../arm-none-eabi/lib/thumb/v7e-m+fp/hard/libnosys.a(sbrk.o)
                                                  /usr/bin/../lib/gcc/arm-none-eabi/10.2.1/../../../../arm-none-eabi/lib/thumb/v7e-m+fp/hard/libc_nano.a(lib_a-sbrkr.o)
_sbrk_r                                           /usr/bin/../lib/gcc/arm-none-eabi/10.2.1/../../../../arm-none-eabi/lib/thumb/v7e-m+fp/hard/libc_nano.a(lib_a-sbrkr.o)
                                                  /usr/bin/../lib/gcc/arm-none-eabi/10.2.1/../../../../arm-none-eabi/lib/thumb/v7e-m+fp/hard/libc_nano.a(lib_a-nano-mallocr.o)
_sbss                                             /tmp/openinput-efm32gg12-generic-r193-73649e7-dirty.elf.7JnSLG.ltrans0.ltrans.o
                                                  build/platform/efm32gg/startup.o (symbol from plugin)
_sdata                                            /tmp/openinput-efm32gg12-generic-r193-73649e7-dirty.elf.7JnSLG.ltrans0.ltrans.o
                                                  build/platform/efm32gg/startup.o (symbol from plugin)
_sdio_isr                                         build/platform/efm32gg/startup.o (symbol from plugin)
_sidata                                           /tmp/openinput-efm32gg12-generic-r193-73649e7-dirty.elf.7JnSLG.ltrans0.ltrans.o
                                                  build/platform/efm32gg/startup.o (symbol from plugin)
_smu_isr                                          build/platform/efm32gg/startup.o (symbol from plugin)
_sniprintf_r                                      /usr/bin/../lib/gcc/arm-none-eabi/10.2.1/../../../../arm-none-eabi/lib/thumb/v7e-m+fp/hard/libc_nano.a(lib_a-snprintf.o)
_snprintf_r                                       /usr/bin/../lib/gcc/arm-none-eabi/10.2.1/../../../../arm-none-eabi/lib/thumb/v7e-m+fp/hard/libc_nano.a(lib_a-snprintf.o)
_svc_isr                                          build/platform/efm32gg/startup.o (symbol from plugin)
_svect                                            /tmp/openinput-efm32gg12-generic-r193-73649e7-dirty.elf.7JnSLG.ltrans0.ltrans.o
                                                  build/platform/efm32gg/startup.o (symbol from plugin)
_svfiprintf_r                                     /usr/bin/../lib/gcc/arm-none-eabi/10.2.1/../../../../arm-none-eabi/lib/thumb/v7e-m+fp/hard/libc_nano.a(lib_a-nano-svfprintf.o)
_svfprintf_r                                      /usr/bin/../lib/gcc/arm-none-eabi/10.2.1/../../../../arm-none-eabi/lib/thumb/v7e-m+fp/hard/libc_nano.a(lib_a-nano-svfprintf.o)
                                                  /usr/bin/../lib/gcc/arm-none-eabi/10.2.1/../../../../arm-none-eabi/lib/thumb/v7e-m+fp/hard/libc_nano.a(lib_a-snprintf.o)
_systick_isr                                      build/platform/efm32gg/systick.o (symbol from plugin)
_timer0_isr                                       build/platform/efm32gg/startup.o (symbol from plugin)
_timer1_isr                                       build/platform/efm32gg/startup.o (symbol from plugin)
_timer2_isr                                       build/platform/efm32gg/startup.o (symbol from plugin)
_timer3_isr                                       build/platform/efm32gg/startup.o (symbol from plugin)
_trng0_isr                                        build/platform/efm32gg/startup.o (symbol from plugin)
_uart0_rx_isr                                     build/platform/efm32gg/startup.o (symbol from plugin)
_uart0_tx_isr                                     build/platform/efm32gg/startup.o (symbol from plugin)
_uart1_rx_isr                                     build/platform/efm32gg/startup.o (symbol from plugin)
_uart1_tx_isr                                     build/platform/efm32gg/startup.o (symbol from plugin)
_usagefault_isr                                   build/platform/efm32gg/startup.o (symbol from plugin)
_usart0_rx_isr                                    build/platform/efm32gg/startup.o (symbol from plugin)
_usart0_tx_isr                                    build/platform/efm32gg/startup.o (symbol from plugin)
_usart1_rx_isr                                    build/platform/efm32gg/startup.o (symbol from plugin)
_usart1_tx_isr                                    build/platform/efm32gg/startup.o (symbol from plugin)
_usart2_rx_isr                                    build/platform/efm32gg/startup.o (symbol from plugin)
_usart2_tx_isr                                    build/platform/efm32gg/startup.o (symbol from plugin)
_usart3_rx_isr                                    build/platform/efm32gg/startup.o (symbol from plugin)
_usart3_tx_isr                                    build/platform/efm32gg/startup.o (symbol from plugin)
_usart4_rx_isr                                    build/platform/efm32gg/startup.o (symbol from plugin)
_usart4_tx_isr                                    build/platform/efm32gg/startup.o (symbol from plugin)
_usb_isr                                          build/platform/efm32gg/usb.o (symbol from plugin)
                                                  build/platform/efm32gg/startup.o (symbol from plugin)
_usbd_qdef                                        build/platform/efm32gg/tusb/device/usbd.o (symbol from plugin)
_usbd_qdef_buf                                    build/platform/efm32gg/tusb/device/usbd.o (symbol from plugin)
_vdac0_isr                                        build/platform/efm32gg/startup.o (symbol from plugin)
_wdog0_isr                                        build/platform/efm32gg/startup.o (symbol from plugin)
_wdog1_isr                                        build/platform/efm32gg/startup.o (symbol from plugin)
_wtimer0_isr                                      build/platform/efm32gg/startup.o (symbol from plugin)
_wtimer1_isr                                      build/platform/efm32gg/startup.o (symbol from plugin)
cleanup_glue                                      /usr/bin/../lib/gcc/arm-none-eabi/10.2.1/../../../../arm-none-eabi/lib/thumb/v7e-m+fp/hard/libc_nano.a(lib_a-reent.o)
cmu.c.432b5190                                    /tmp/ccUZOd20.debug.temp.o
                                                  /tmp/openinput-efm32gg12-generic-r193-73649e7-dirty.elf.7JnSLG.ltrans0.ltrans.o
cmu_auxhfrco_calib                                build/platform/efm32gg/cmu.o (symbol from plugin)
                                                  build/targets/efm32gg12-generic/main.o (symbol from plugin)
cmu_config_waitstates                             build/platform/efm32gg/cmu.o (symbol from plugin)
cmu_get_clock_tree                                build/platform/efm32gg/cmu.o (symbol from plugin)
                                                  build/platform/efm32gg/systick.o (symbol from plugin)
cmu_hfrco_calib                                   build/platform/efm32gg/cmu.o (symbol from plugin)
cmu_hfxo_startup_calib                            build/platform/efm32gg/cmu.o (symbol from plugin)
                                                  build/targets/efm32gg12-generic/main.o (symbol from plugin)
cmu_hfxo_steady_calib                             build/platform/efm32gg/cmu.o (symbol from plugin)
                                                  build/targets/efm32gg12-generic/main.o (symbol from plugin)
cmu_init                                          build/platform/efm32gg/cmu.o (symbol from plugin)
                                                  build/targets/efm32gg12-generic/main.o (symbol from plugin)
cmu_lfxo_calib                                    build/platform/efm32gg/cmu.o (symbol from plugin)
cmu_update_clock_tree                             build/platform/efm32gg/cmu.o (symbol from plugin)
                                                  build/targets/efm32gg12-generic/main.o (symbol from plugin)
cmu_ushfrco_calib                                 build/platform/efm32gg/cmu.o (symbol from plugin)
                                                  build/targets/efm32gg12-generic/main.o (symbol from plugin)
dcd_connect                                       build/platform/efm32gg/tusb/portable/silabs/efm32/dcd_efm32.o (symbol from plugin)
                                                  build/platform/efm32gg/tusb/device/usbd.o (symbol from plugin)
dcd_disconnect                                    build/platform/efm32gg/tusb/portable/silabs/efm32/dcd_efm32.o (symbol from plugin)
                                                  build/platform/efm32gg/tusb/device/usbd.o (symbol from plugin)
dcd_edpt0_status_complete                         /tmp/openinput-efm32gg12-generic-r193-73649e7-dirty.elf.7JnSLG.ltrans0.ltrans.o
                                                  build/platform/efm32gg/tusb/device/usbd_control.o (symbol from plugin)
dcd_edpt_clear_stall                              build/platform/efm32gg/tusb/portable/silabs/efm32/dcd_efm32.o (symbol from plugin)
                                                  build/platform/efm32gg/tusb/device/usbd.o (symbol from plugin)
dcd_edpt_close                                    build/platform/efm32gg/tusb/device/usbd.o (symbol from plugin)
dcd_edpt_open                                     build/platform/efm32gg/tusb/portable/silabs/efm32/dcd_efm32.o (symbol from plugin)
                                                  build/platform/efm32gg/tusb/device/usbd.o (symbol from plugin)
dcd_edpt_stall                                    build/platform/efm32gg/tusb/portable/silabs/efm32/dcd_efm32.o (symbol from plugin)
                                                  build/platform/efm32gg/tusb/device/usbd.o (symbol from plugin)
                                                  build/platform/efm32gg/tusb/device/usbd_control.o (symbol from plugin)
dcd_edpt_xfer                                     build/platform/efm32gg/tusb/portable/silabs/efm32/dcd_efm32.o (symbol from plugin)
                                                  build/platform/efm32gg/tusb/device/usbd.o (symbol from plugin)
dcd_efm32.c.1c670771                              /tmp/ccAZDUB6.debug.temp.o
                                                  /tmp/openinput-efm32gg12-generic-r193-73649e7-dirty.elf.7JnSLG.ltrans0.ltrans.o
dcd_event_bus_reset                               build/platform/efm32gg/tusb/device/usbd.o (symbol from plugin)
dcd_event_bus_signal                              build/platform/efm32gg/tusb/device/usbd.o (symbol from plugin)
                                                  build/platform/efm32gg/tusb/portable/silabs/efm32/dcd_efm32.o (symbol from plugin)
dcd_event_handler                                 build/platform/efm32gg/tusb/device/usbd.o (symbol from plugin)
dcd_event_setup_received                          build/platform/efm32gg/tusb/device/usbd.o (symbol from plugin)
                                                  build/platform/efm32gg/tusb/portable/silabs/efm32/dcd_efm32.o (symbol from plugin)
dcd_event_xfer_complete                           build/platform/efm32gg/tusb/device/usbd.o (symbol from plugin)
                                                  build/platform/efm32gg/tusb/portable/silabs/efm32/dcd_efm32.o (symbol from plugin)
dcd_init                                          build/platform/efm32gg/tusb/portable/silabs/efm32/dcd_efm32.o (symbol from plugin)
                                                  build/platform/efm32gg/tusb/device/usbd.o (symbol from plugin)
dcd_int_disable                                   build/platform/efm32gg/tusb/portable/silabs/efm32/dcd_efm32.o (symbol from plugin)
                                                  build/platform/efm32gg/tusb/device/usbd.o (symbol from plugin)
dcd_int_enable                                    build/platform/efm32gg/tusb/portable/silabs/efm32/dcd_efm32.o (symbol from plugin)
                                                  build/platform/efm32gg/tusb/device/usbd.o (symbol from plugin)
dcd_int_handler                                   build/platform/efm32gg/tusb/portable/silabs/efm32/dcd_efm32.o (symbol from plugin)
                                                  build/platform/efm32gg/usb.o (symbol from plugin)
dcd_remote_wakeup                                 build/platform/efm32gg/tusb/portable/silabs/efm32/dcd_efm32.o (symbol from plugin)
                                                  build/platform/efm32gg/tusb/device/usbd.o (symbol from plugin)
dcd_set_address                                   build/platform/efm32gg/tusb/portable/silabs/efm32/dcd_efm32.o (symbol from plugin)
                                                  build/platform/efm32gg/tusb/device/usbd.o (symbol from plugin)
delay_ms                                          build/platform/efm32gg/systick.o (symbol from plugin)
delay_us                                          build/platform/efm32gg/systick.o (symbol from plugin)
desc_configuration                                build/platform/efm32gg/usb_descriptors.o (symbol from plugin)
desc_device                                       build/platform/efm32gg/usb_descriptors.o (symbol from plugin)
desc_hid_mouse_report                             build/platform/efm32gg/usb_descriptors.o (symbol from plugin)
emu.c.1e984b71                                    /tmp/ccZ7R8Lw.debug.temp.o
                                                  /tmp/openinput-efm32gg12-generic-r193-73649e7-dirty.elf.7JnSLG.ltrans0.ltrans.o
emu_dcdc_init                                     build/platform/efm32gg/emu.o (symbol from plugin)
                                                  build/targets/efm32gg12-generic/main.o (symbol from plugin)
emu_init                                          build/platform/efm32gg/emu.o (symbol from plugin)
                                                  build/targets/efm32gg12-generic/main.o (symbol from plugin)
emu_reg_init                                      build/platform/efm32gg/emu.o (symbol from plugin)
                                                  build/targets/efm32gg12-generic/main.o (symbol from plugin)
end                                               /usr/bin/../lib/gcc/arm-none-eabi/10.2.1/../../../../arm-none-eabi/lib/thumb/v7e-m+fp/hard/libnosys.a(sbrk.o)
errno                                             /usr/bin/../lib/gcc/arm-none-eabi/10.2.1/../../../../arm-none-eabi/lib/thumb/v7e-m+fp/hard/libc_nano.a(lib_a-reent.o)
                                                  /usr/bin/../lib/gcc/arm-none-eabi/10.2.1/../../../../arm-none-eabi/lib/thumb/v7e-m+fp/hard/libc_nano.a(lib_a-sbrkr.o)
g_pfnVectors                                      /tmp/openinput-efm32gg12-generic-r193-73649e7-dirty.elf.7JnSLG.ltrans0.ltrans.o
                                                  build/platform/efm32gg/startup.o (symbol from plugin)
gpio.c.ea97ecb0                                   /tmp/ccHvSWXY.debug.temp.o
                                                  /tmp/openinput-efm32gg12-generic-r193-73649e7-dirty.elf.7JnSLG.ltrans0.ltrans.o
gpio_apply_config                                 build/platform/efm32gg/gpio.o (symbol from plugin)
                                                  build/targets/efm32gg12-generic/main.o (symbol from plugin)
gpio_get                                          build/platform/efm32gg/gpio.o (symbol from plugin)
gpio_init_config                                  build/platform/efm32gg/gpio.o (symbol from plugin)
                                                  build/targets/efm32gg12-generic/main.o (symbol from plugin)
gpio_set                                          build/platform/efm32gg/gpio.o (symbol from plugin)
gpio_setup_pin                                    build/platform/efm32gg/gpio.o (symbol from plugin)
                                                  build/targets/efm32gg12-generic/main.o (symbol from plugin)
gpio_toggle                                       build/platform/efm32gg/gpio.o (symbol from plugin)
hid.c.f610c31b                                    /tmp/cckXD0Ae.debug.temp.o
                                                  /tmp/openinput-efm32gg12-generic-r193-73649e7-dirty.elf.7JnSLG.ltrans0.ltrans.o
hid_device.c.df7d68d3                             /tmp/ccZNjI6P.debug.temp.o
                                                  /tmp/openinput-efm32gg12-generic-r193-73649e7-dirty.elf.7JnSLG.ltrans0.ltrans.o
hid_hal_init                                      build/platform/efm32gg/hal/hid.o (symbol from plugin)
                                                  build/targets/efm32gg12-generic/main.o (symbol from plugin)
hid_hal_send                                      build/platform/efm32gg/hal/hid.o (symbol from plugin)
hidd_control_xfer_cb                              build/platform/efm32gg/tusb/class/hid/hid_device.o (symbol from plugin)
                                                  build/platform/efm32gg/tusb/device/usbd.o (symbol from plugin)
hidd_init                                         build/platform/efm32gg/tusb/class/hid/hid_device.o (symbol from plugin)
                                                  build/platform/efm32gg/tusb/device/usbd.o (symbol from plugin)
hidd_open                                         build/platform/efm32gg/tusb/class/hid/hid_device.o (symbol from plugin)
                                                  build/platform/efm32gg/tusb/device/usbd.o (symbol from plugin)
hidd_reset                                        build/platform/efm32gg/tusb/class/hid/hid_device.o (symbol from plugin)
                                                  build/platform/efm32gg/tusb/device/usbd.o (symbol from plugin)
hidd_xfer_cb                                      build/platform/efm32gg/tusb/class/hid/hid_device.o (symbol from plugin)
                                                  build/platform/efm32gg/tusb/device/usbd.o (symbol from plugin)
main                                              build/targets/efm32gg12-generic/main.o (symbol from plugin)
                                                  build/platform/efm32gg/startup.o (symbol from plugin)
main.c.8a41d7be                                   /tmp/ccYtI3bc.debug.temp.o
                                                  /tmp/openinput-efm32gg12-generic-r193-73649e7-dirty.elf.7JnSLG.ltrans0.ltrans.o
memchr                                            /usr/bin/../lib/gcc/arm-none-eabi/10.2.1/../../../../arm-none-eabi/lib/thumb/v7e-m+fp/hard/libc_nano.a(lib_a-memchr.o)
                                                  /usr/bin/../lib/gcc/arm-none-eabi/10.2.1/../../../../arm-none-eabi/lib/thumb/v7e-m+fp/hard/libc_nano.a(lib_a-nano-vfprintf_i.o)
                                                  /usr/bin/../lib/gcc/arm-none-eabi/10.2.1/../../../../arm-none-eabi/lib/thumb/v7e-m+fp/hard/libc_nano.a(lib_a-nano-svfprintf.o)
memcpy                                            /usr/bin/../lib/gcc/arm-none-eabi/10.2.1/../../../../arm-none-eabi/lib/thumb/v7e-m+fp/hard/libc_nano.a(lib_a-memcpy-stub.o)
                                                  /usr/bin/../lib/gcc/arm-none-eabi/10.2.1/../../../../arm-none-eabi/lib/thumb/v7e-m+fp/hard/libc_nano.a(lib_a-nano-reallocr.o)
                                                  /usr/bin/../lib/gcc/arm-none-eabi/10.2.1/../../../../arm-none-eabi/lib/thumb/v7e-m+fp/hard/libc_nano.a(lib_a-nano-svfprintf.o)
                                                  /tmp/openinput-efm32gg12-generic-r193-73649e7-dirty.elf.7JnSLG.ltrans0.ltrans.o
memmove                                           /usr/bin/../lib/gcc/arm-none-eabi/10.2.1/../../../../arm-none-eabi/lib/thumb/v7e-m+fp/hard/libc_nano.a(lib_a-memmove.o)
                                                  /usr/bin/../lib/gcc/arm-none-eabi/10.2.1/../../../../arm-none-eabi/lib/thumb/v7e-m+fp/hard/libc_nano.a(lib_a-nano-svfprintf.o)
memset                                            /usr/bin/../lib/gcc/arm-none-eabi/10.2.1/../../../../arm-none-eabi/lib/thumb/v7e-m+fp/hard/libc_nano.a(lib_a-memset.o)
                                                  /tmp/openinput-efm32gg12-generic-r193-73649e7-dirty.elf.7JnSLG.ltrans0.ltrans.o
pixart_pmw.c.04bfd2d0                             /tmp/ccZIBLc1.debug.temp.o
pixart_pmw_get_deltas                             build/driver/pixart/pixart_pmw.o (symbol from plugin)
pixart_pmw_init                                   build/driver/pixart/pixart_pmw.o (symbol from plugin)
pixart_pmw_motion_event                           build/driver/pixart/pixart_pmw.o (symbol from plugin)
pixart_pmw_read                                   build/driver/pixart/pixart_pmw.o (symbol from plugin)
pixart_pmw_read_motion                            build/driver/pixart/pixart_pmw.o (symbol from plugin)
pixart_pmw_read_motion_burst                      build/driver/pixart/pixart_pmw.o (symbol from plugin)
pixart_pmw_write                                  build/driver/pixart/pixart_pmw.o (symbol from plugin)
protocol.c.5d3a1228                               /tmp/cc0rjm19.debug.temp.o
                                                  /tmp/openinput-efm32gg12-generic-r193-73649e7-dirty.elf.7JnSLG.ltrans0.ltrans.o
protocol_dispatch                                 build/protocol/protocol.o (symbol from plugin)
                                                  build/platform/efm32gg/usb.o (symbol from plugin)
protocol_get_functions                            build/protocol/protocol.o (symbol from plugin)
protocol_get_functions_pages                      build/protocol/protocol.o (symbol from plugin)
protocol_get_smallest_report_id                   build/protocol/protocol.o (symbol from plugin)
protocol_info_fw_info                             build/protocol/protocol.o (symbol from plugin)
protocol_info_supported_function_pages            build/protocol/protocol.o (symbol from plugin)
protocol_info_supported_functions                 build/protocol/protocol.o (symbol from plugin)
protocol_info_version                             build/protocol/protocol.o (symbol from plugin)
protocol_is_supported                             build/protocol/protocol.o (symbol from plugin)
protocol_send_error                               build/protocol/protocol.o (symbol from plugin)
protocol_send_report                              build/protocol/protocol.o (symbol from plugin)
sniprintf                                         /usr/bin/../lib/gcc/arm-none-eabi/10.2.1/../../../../arm-none-eabi/lib/thumb/v7e-m+fp/hard/libc_nano.a(lib_a-snprintf.o)
snprintf                                          /usr/bin/../lib/gcc/arm-none-eabi/10.2.1/../../../../arm-none-eabi/lib/thumb/v7e-m+fp/hard/libc_nano.a(lib_a-snprintf.o)
                                                  /tmp/openinput-efm32gg12-generic-r193-73649e7-dirty.elf.7JnSLG.ltrans0.ltrans.o
startup.c.51590bbd                                /tmp/cchilA1H.debug.temp.o
                                                  /tmp/openinput-efm32gg12-generic-r193-73649e7-dirty.elf.7JnSLG.ltrans0.ltrans.o
strcpy                                            /usr/bin/../lib/gcc/arm-none-eabi/10.2.1/../../../../arm-none-eabi/lib/thumb/v7e-m+fp/hard/libc_nano.a(lib_a-strcpy.o)
                                                  /tmp/openinput-efm32gg12-generic-r193-73649e7-dirty.elf.7JnSLG.ltrans0.ltrans.o
string_desc_arr                                   build/platform/efm32gg/usb_descriptors.o (symbol from plugin)
strlen                                            /usr/bin/../lib/gcc/arm-none-eabi/10.2.1/../../../../arm-none-eabi/lib/thumb/v7e-m+fp/hard/libc_nano.a(lib_a-strlen.o)
                                                  /tmp/openinput-efm32gg12-generic-r193-73649e7-dirty.elf.7JnSLG.ltrans0.ltrans.o
systick.c.212c96d6                                /tmp/cc2lhO6Z.debug.temp.o
                                                  /tmp/openinput-efm32gg12-generic-r193-73649e7-dirty.elf.7JnSLG.ltrans0.ltrans.o
systick_get_ticks                                 build/platform/efm32gg/systick.o (symbol from plugin)
systick_init                                      build/platform/efm32gg/systick.o (symbol from plugin)
                                                  build/targets/efm32gg12-generic/main.o (symbol from plugin)
tu_fifo_advance_read_pointer                      build/platform/efm32gg/tusb/common/tusb_fifo.o (symbol from plugin)
tu_fifo_advance_write_pointer                     build/platform/efm32gg/tusb/common/tusb_fifo.o (symbol from plugin)
tu_fifo_clear                                     build/platform/efm32gg/tusb/common/tusb_fifo.o (symbol from plugin)
                                                  build/platform/efm32gg/tusb/device/usbd.o (symbol from plugin)
tu_fifo_config                                    build/platform/efm32gg/tusb/common/tusb_fifo.o (symbol from plugin)
tu_fifo_correct_read_pointer                      build/platform/efm32gg/tusb/common/tusb_fifo.o (symbol from plugin)
tu_fifo_count                                     build/platform/efm32gg/tusb/common/tusb_fifo.o (symbol from plugin)
tu_fifo_empty                                     build/platform/efm32gg/tusb/common/tusb_fifo.o (symbol from plugin)
                                                  build/platform/efm32gg/tusb/device/usbd.o (symbol from plugin)
tu_fifo_full                                      build/platform/efm32gg/tusb/common/tusb_fifo.o (symbol from plugin)
tu_fifo_overflowed                                build/platform/efm32gg/tusb/common/tusb_fifo.o (symbol from plugin)
tu_fifo_peek_at                                   build/platform/efm32gg/tusb/common/tusb_fifo.o (symbol from plugin)
tu_fifo_peek_at_n                                 build/platform/efm32gg/tusb/common/tusb_fifo.o (symbol from plugin)
tu_fifo_read                                      build/platform/efm32gg/tusb/common/tusb_fifo.o (symbol from plugin)
                                                  build/platform/efm32gg/tusb/device/usbd.o (symbol from plugin)
tu_fifo_read_n                                    build/platform/efm32gg/tusb/common/tusb_fifo.o (symbol from plugin)
tu_fifo_remaining                                 build/platform/efm32gg/tusb/common/tusb_fifo.o (symbol from plugin)
tu_fifo_set_overwritable                          build/platform/efm32gg/tusb/common/tusb_fifo.o (symbol from plugin)
tu_fifo_write                                     build/platform/efm32gg/tusb/common/tusb_fifo.o (symbol from plugin)
                                                  build/platform/efm32gg/tusb/device/usbd.o (symbol from plugin)
tu_fifo_write_n                                   build/platform/efm32gg/tusb/common/tusb_fifo.o (symbol from plugin)
tud_connect                                       build/platform/efm32gg/tusb/device/usbd.o (symbol from plugin)
tud_connected                                     build/platform/efm32gg/tusb/device/usbd.o (symbol from plugin)
tud_control_status                                build/platform/efm32gg/tusb/device/usbd_control.o (symbol from plugin)
                                                  build/platform/efm32gg/tusb/class/hid/hid_device.o (symbol from plugin)
                                                  build/platform/efm32gg/tusb/device/usbd.o (symbol from plugin)
tud_control_xfer                                  build/platform/efm32gg/tusb/device/usbd_control.o (symbol from plugin)
                                                  build/platform/efm32gg/tusb/class/hid/hid_device.o (symbol from plugin)
                                                  build/platform/efm32gg/tusb/device/usbd.o (symbol from plugin)
tud_descriptor_bos_cb                             /tmp/openinput-efm32gg12-generic-r193-73649e7-dirty.elf.7JnSLG.ltrans0.ltrans.o
                                                  build/platform/efm32gg/tusb/device/usbd.o (symbol from plugin)
tud_descriptor_configuration_cb                   build/platform/efm32gg/usb_descriptors.o (symbol from plugin)
                                                  build/platform/efm32gg/tusb/device/usbd.o (symbol from plugin)
tud_descriptor_device_cb                          build/platform/efm32gg/usb_descriptors.o (symbol from plugin)
                                                  build/platform/efm32gg/tusb/device/usbd.o (symbol from plugin)
tud_descriptor_device_qualifier_cb                /tmp/openinput-efm32gg12-generic-r193-73649e7-dirty.elf.7JnSLG.ltrans0.ltrans.o
                                                  build/platform/efm32gg/tusb/device/usbd.o (symbol from plugin)
tud_descriptor_string_cb                          build/platform/efm32gg/usb_descriptors.o (symbol from plugin)
                                                  build/platform/efm32gg/tusb/device/usbd.o (symbol from plugin)
tud_disconnect                                    build/platform/efm32gg/tusb/device/usbd.o (symbol from plugin)
tud_hid_boot_mode_cb                              /tmp/openinput-efm32gg12-generic-r193-73649e7-dirty.elf.7JnSLG.ltrans0.ltrans.o
                                                  build/platform/efm32gg/tusb/class/hid/hid_device.o (symbol from plugin)
tud_hid_descriptor_report_cb                      build/platform/efm32gg/usb_descriptors.o (symbol from plugin)
                                                  build/platform/efm32gg/tusb/class/hid/hid_device.o (symbol from plugin)
tud_hid_get_report_cb                             build/platform/efm32gg/usb.o (symbol from plugin)
                                                  build/platform/efm32gg/tusb/class/hid/hid_device.o (symbol from plugin)
tud_hid_n_boot_mode                               build/platform/efm32gg/tusb/class/hid/hid_device.o (symbol from plugin)
tud_hid_n_gamepad_report                          build/platform/efm32gg/tusb/class/hid/hid_device.o (symbol from plugin)
tud_hid_n_keyboard_report                         build/platform/efm32gg/tusb/class/hid/hid_device.o (symbol from plugin)
tud_hid_n_mouse_report                            build/platform/efm32gg/tusb/class/hid/hid_device.o (symbol from plugin)
tud_hid_n_ready                                   build/platform/efm32gg/tusb/class/hid/hid_device.o (symbol from plugin)
tud_hid_n_report                                  build/platform/efm32gg/tusb/class/hid/hid_device.o (symbol from plugin)
                                                  build/protocol/protocol.o (symbol from plugin)
                                                  build/platform/efm32gg/hal/hid.o (symbol from plugin)
tud_hid_report_complete_cb                        /tmp/openinput-efm32gg12-generic-r193-73649e7-dirty.elf.7JnSLG.ltrans0.ltrans.o
                                                  build/platform/efm32gg/tusb/class/hid/hid_device.o (symbol from plugin)
tud_hid_set_idle_cb                               /tmp/openinput-efm32gg12-generic-r193-73649e7-dirty.elf.7JnSLG.ltrans0.ltrans.o
                                                  build/platform/efm32gg/tusb/class/hid/hid_device.o (symbol from plugin)
tud_hid_set_report_cb                             build/platform/efm32gg/usb.o (symbol from plugin)
                                                  build/platform/efm32gg/tusb/class/hid/hid_device.o (symbol from plugin)
tud_init                                          build/platform/efm32gg/tusb/device/usbd.o (symbol from plugin)
                                                  build/platform/efm32gg/tusb/tusb.o (symbol from plugin)
tud_mount_cb                                      build/platform/efm32gg/usb.o (symbol from plugin)
                                                  build/platform/efm32gg/tusb/device/usbd.o (symbol from plugin)
tud_mounted                                       build/platform/efm32gg/tusb/device/usbd.o (symbol from plugin)
                                                  build/platform/efm32gg/tusb/class/hid/hid_device.o (symbol from plugin)
tud_remote_wakeup                                 build/platform/efm32gg/tusb/device/usbd.o (symbol from plugin)
tud_resume_cb                                     build/platform/efm32gg/usb.o (symbol from plugin)
                                                  build/platform/efm32gg/tusb/device/usbd.o (symbol from plugin)
tud_speed_get                                     build/platform/efm32gg/tusb/device/usbd.o (symbol from plugin)
tud_suspend_cb                                    build/platform/efm32gg/usb.o (symbol from plugin)
                                                  build/platform/efm32gg/tusb/device/usbd.o (symbol from plugin)
tud_suspended                                     build/platform/efm32gg/tusb/device/usbd.o (symbol from plugin)
                                                  build/platform/efm32gg/tusb/class/hid/hid_device.o (symbol from plugin)
tud_task                                          build/platform/efm32gg/tusb/device/usbd.o (symbol from plugin)
                                                  build/targets/efm32gg12-generic/main.o (symbol from plugin)
tud_task_event_ready                              build/platform/efm32gg/tusb/device/usbd.o (symbol from plugin)
tud_umount_cb                                     build/platform/efm32gg/usb.o (symbol from plugin)
                                                  build/platform/efm32gg/tusb/device/usbd.o (symbol from plugin)
tud_vendor_control_xfer_cb                        /tmp/openinput-efm32gg12-generic-r193-73649e7-dirty.elf.7JnSLG.ltrans0.ltrans.o
                                                  build/platform/efm32gg/tusb/device/usbd.o (symbol from plugin)
tusb.c.88e65273                                   /tmp/ccfMw0fG.debug.temp.o
                                                  /tmp/openinput-efm32gg12-generic-r193-73649e7-dirty.elf.7JnSLG.ltrans0.ltrans.o
tusb_fifo.c.5ebe066a                              /tmp/ccIILXpc.debug.temp.o
                                                  /tmp/openinput-efm32gg12-generic-r193-73649e7-dirty.elf.7JnSLG.ltrans0.ltrans.o
tusb_init                                         build/platform/efm32gg/tusb/tusb.o (symbol from plugin)
                                                  build/platform/efm32gg/usb.o (symbol from plugin)
tusb_inited                                       build/platform/efm32gg/tusb/tusb.o (symbol from plugin)
                                                  build/platform/efm32gg/tusb/device/usbd.o (symbol from plugin)
usb.c.520359d3                                    /tmp/cc5Xrmyb.debug.temp.o
                                                  /tmp/openinput-efm32gg12-generic-r193-73649e7-dirty.elf.7JnSLG.ltrans0.ltrans.o
usb_attach_protocol_config                        build/platform/efm32gg/usb.o (symbol from plugin)
                                                  build/targets/efm32gg12-generic/main.o (symbol from plugin)
usb_descriptors.c.9220119d                        /tmp/ccQXUSlc.debug.temp.o
                                                  /tmp/openinput-efm32gg12-generic-r193-73649e7-dirty.elf.7JnSLG.ltrans0.ltrans.o
usb_init                                          build/platform/efm32gg/usb.o (symbol from plugin)
                                                  build/targets/efm32gg12-generic/main.o (symbol from plugin)
usbd.c.74bd0c88                                   /tmp/cc16M4XY.debug.temp.o
                                                  /tmp/openinput-efm32gg12-generic-r193-73649e7-dirty.elf.7JnSLG.ltrans0.ltrans.o
usbd_app_driver_get_cb                            /tmp/openinput-efm32gg12-generic-r193-73649e7-dirty.elf.7JnSLG.ltrans0.ltrans.o
                                                  build/platform/efm32gg/tusb/device/usbd.o (symbol from plugin)
usbd_control.c.336cf4f7                           /tmp/cc7rMoUy.debug.temp.o
                                                  /tmp/openinput-efm32gg12-generic-r193-73649e7-dirty.elf.7JnSLG.ltrans0.ltrans.o
usbd_control_reset                                build/platform/efm32gg/tusb/device/usbd_control.o (symbol from plugin)
                                                  build/platform/efm32gg/tusb/device/usbd.o (symbol from plugin)
usbd_control_set_complete_callback                build/platform/efm32gg/tusb/device/usbd_control.o (symbol from plugin)
                                                  build/platform/efm32gg/tusb/device/usbd.o (symbol from plugin)
usbd_control_set_request                          build/platform/efm32gg/tusb/device/usbd_control.o (symbol from plugin)
                                                  build/platform/efm32gg/tusb/device/usbd.o (symbol from plugin)
usbd_control_xfer_cb                              build/platform/efm32gg/tusb/device/usbd_control.o (symbol from plugin)
                                                  build/platform/efm32gg/tusb/device/usbd.o (symbol from plugin)
usbd_defer_func                                   build/platform/efm32gg/tusb/device/usbd.o (symbol from plugin)
usbd_edpt_busy                                    build/platform/efm32gg/tusb/device/usbd.o (symbol from plugin)
                                                  build/platform/efm32gg/tusb/class/hid/hid_device.o (symbol from plugin)
usbd_edpt_claim                                   build/platform/efm32gg/tusb/device/usbd.o (symbol from plugin)
                                                  build/platform/efm32gg/tusb/class/hid/hid_device.o (symbol from plugin)
usbd_edpt_clear_stall                             build/platform/efm32gg/tusb/device/usbd.o (symbol from plugin)
usbd_edpt_close                                   build/platform/efm32gg/tusb/device/usbd.o (symbol from plugin)
usbd_edpt_open                                    build/platform/efm32gg/tusb/device/usbd.o (symbol from plugin)
usbd_edpt_release                                 build/platform/efm32gg/tusb/device/usbd.o (symbol from plugin)
usbd_edpt_stall                                   build/platform/efm32gg/tusb/device/usbd.o (symbol from plugin)
usbd_edpt_stalled                                 build/platform/efm32gg/tusb/device/usbd.o (symbol from plugin)
usbd_edpt_xfer                                    build/platform/efm32gg/tusb/device/usbd.o (symbol from plugin)
                                                  build/platform/efm32gg/tusb/class/hid/hid_device.o (symbol from plugin)
                                                  build/platform/efm32gg/tusb/device/usbd_control.o (symbol from plugin)
usbd_open_edpt_pair                               build/platform/efm32gg/tusb/device/usbd.o (symbol from plugin)
                                                  build/platform/efm32gg/tusb/class/hid/hid_device.o (symbol from plugin)
